Archive member included because of file (symbol)

/Users/iyongbin/Library/Arduino15/packages/arduino/hardware/sam/1.6.12/variants/arduino_due_x/libsam_sam3x8e_gcc_rel.a(pio.o)
                              /Users/iyongbin/Repository/linebot/ArduinoOutput/core/variant.cpp.o (PIO_Configure)
/Users/iyongbin/Library/Arduino15/packages/arduino/hardware/sam/1.6.12/variants/arduino_due_x/libsam_sam3x8e_gcc_rel.a(pmc.o)
                              /Users/iyongbin/Repository/linebot/ArduinoOutput/core/variant.cpp.o (pmc_enable_periph_clk)
/Users/iyongbin/Library/Arduino15/packages/arduino/hardware/sam/1.6.12/variants/arduino_due_x/libsam_sam3x8e_gcc_rel.a(system_sam3xa.o)
                              /Users/iyongbin/Repository/linebot/ArduinoOutput/core/variant.cpp.o (SystemInit)
/Users/iyongbin/Library/Arduino15/packages/arduino/hardware/sam/1.6.12/variants/arduino_due_x/libsam_sam3x8e_gcc_rel.a(startup_sam3xa.o)
                              (Reset_Handler)
/Users/iyongbin/Library/Arduino15/packages/arduino/hardware/sam/1.6.12/variants/arduino_due_x/libsam_sam3x8e_gcc_rel.a(adc.o)
                              /Users/iyongbin/Repository/linebot/ArduinoOutput/core/variant.cpp.o (adc_init)
/Users/iyongbin/Library/Arduino15/packages/arduino/hardware/sam/1.6.12/variants/arduino_due_x/libsam_sam3x8e_gcc_rel.a(uotghs.o)
                              /Users/iyongbin/Library/Arduino15/packages/arduino/hardware/sam/1.6.12/variants/arduino_due_x/libsam_sam3x8e_gcc_rel.a(startup_sam3xa.o) (UOTGHS_Handler)
/Users/iyongbin/Repository/linebot/ArduinoOutput/../../../../../private/var/folders/dv/dr6sg3sn6h16c2xkmjp_82bh0000gn/T/arduino/cores/arduino_sam_arduino_due_x_dbg_9c115d449f9823a058219a2ab3ee947d/core.a(Print.cpp.o)
                              /Users/iyongbin/Repository/linebot/ArduinoOutput/sketch/motor.ino.cpp.o (Print::println(char const*))
/Users/iyongbin/Repository/linebot/ArduinoOutput/../../../../../private/var/folders/dv/dr6sg3sn6h16c2xkmjp_82bh0000gn/T/arduino/cores/arduino_sam_arduino_due_x_dbg_9c115d449f9823a058219a2ab3ee947d/core.a(RingBuffer.cpp.o)
                              /Users/iyongbin/Repository/linebot/ArduinoOutput/core/variant.cpp.o (RingBuffer::RingBuffer())
/Users/iyongbin/Repository/linebot/ArduinoOutput/../../../../../private/var/folders/dv/dr6sg3sn6h16c2xkmjp_82bh0000gn/T/arduino/cores/arduino_sam_arduino_due_x_dbg_9c115d449f9823a058219a2ab3ee947d/core.a(UARTClass.cpp.o)
                              /Users/iyongbin/Repository/linebot/ArduinoOutput/core/variant.cpp.o (UARTClass::available())
/Users/iyongbin/Repository/linebot/ArduinoOutput/../../../../../private/var/folders/dv/dr6sg3sn6h16c2xkmjp_82bh0000gn/T/arduino/cores/arduino_sam_arduino_due_x_dbg_9c115d449f9823a058219a2ab3ee947d/core.a(USARTClass.cpp.o)
                              /Users/iyongbin/Repository/linebot/ArduinoOutput/core/variant.cpp.o (USARTClass::USARTClass(Usart*, IRQn, unsigned long, RingBuffer*, RingBuffer*))
/Users/iyongbin/Repository/linebot/ArduinoOutput/../../../../../private/var/folders/dv/dr6sg3sn6h16c2xkmjp_82bh0000gn/T/arduino/cores/arduino_sam_arduino_due_x_dbg_9c115d449f9823a058219a2ab3ee947d/core.a(WInterrupts.c.o)
                              /Users/iyongbin/Library/Arduino15/packages/arduino/hardware/sam/1.6.12/variants/arduino_due_x/libsam_sam3x8e_gcc_rel.a(startup_sam3xa.o) (PIOA_Handler)
/Users/iyongbin/Repository/linebot/ArduinoOutput/../../../../../private/var/folders/dv/dr6sg3sn6h16c2xkmjp_82bh0000gn/T/arduino/cores/arduino_sam_arduino_due_x_dbg_9c115d449f9823a058219a2ab3ee947d/core.a(abi.cpp.o)
                              /Users/iyongbin/Repository/linebot/ArduinoOutput/../../../../../private/var/folders/dv/dr6sg3sn6h16c2xkmjp_82bh0000gn/T/arduino/cores/arduino_sam_arduino_due_x_dbg_9c115d449f9823a058219a2ab3ee947d/core.a(Print.cpp.o) (__cxa_pure_virtual)
/Users/iyongbin/Repository/linebot/ArduinoOutput/../../../../../private/var/folders/dv/dr6sg3sn6h16c2xkmjp_82bh0000gn/T/arduino/cores/arduino_sam_arduino_due_x_dbg_9c115d449f9823a058219a2ab3ee947d/core.a(cortex_handlers.c.o)
                              /Users/iyongbin/Library/Arduino15/packages/arduino/hardware/sam/1.6.12/variants/arduino_due_x/libsam_sam3x8e_gcc_rel.a(startup_sam3xa.o) (NMI_Handler)
/Users/iyongbin/Repository/linebot/ArduinoOutput/../../../../../private/var/folders/dv/dr6sg3sn6h16c2xkmjp_82bh0000gn/T/arduino/cores/arduino_sam_arduino_due_x_dbg_9c115d449f9823a058219a2ab3ee947d/core.a(hooks.c.o)
                              /Users/iyongbin/Repository/linebot/ArduinoOutput/../../../../../private/var/folders/dv/dr6sg3sn6h16c2xkmjp_82bh0000gn/T/arduino/cores/arduino_sam_arduino_due_x_dbg_9c115d449f9823a058219a2ab3ee947d/core.a(cortex_handlers.c.o) (sysTickHook)
/Users/iyongbin/Repository/linebot/ArduinoOutput/../../../../../private/var/folders/dv/dr6sg3sn6h16c2xkmjp_82bh0000gn/T/arduino/cores/arduino_sam_arduino_due_x_dbg_9c115d449f9823a058219a2ab3ee947d/core.a(main.cpp.o)
[...]
Memory Configuration

Name             Origin             Length             Attributes
rom              0x0000000000080000 0x0000000000080000 xr
sram0            0x0000000020000000 0x0000000000010000 xrw
sram1            0x0000000020080000 0x0000000000008000 xrw
ram              0x0000000020070000 0x0000000000018000 xrw
*default*        0x0000000000000000 0xffffffffffffffff

Linker script and memory map

LOAD /Users/iyongbin/Library/Arduino15/packages/arduino/tools/arm-none-eabi-gcc/4.8.3-2014q1/bin/../lib/gcc/arm-none-eabi/4.8.3/armv7-m/crti.o
LOAD /Users/iyongbin/Library/Arduino15/packages/arduino/tools/arm-none-eabi-gcc/4.8.3-2014q1/bin/../lib/gcc/arm-none-eabi/4.8.3/armv7-m/crtbegin.o
LOAD /Users/iyongbin/Library/Arduino15/packages/arduino/tools/arm-none-eabi-gcc/4.8.3-2014q1/bin/../lib/gcc/arm-none-eabi/4.8.3/../../../../arm-none-eabi/lib/armv7-m/crt0.o
START GROUP
LOAD /Users/iyongbin/Repository/linebot/ArduinoOutput/sketch/motor.ino.cpp.o
LOAD /Users/iyongbin/Repository/linebot/ArduinoOutput/core/variant.cpp.o
LOAD /Users/iyongbin/Library/Arduino15/packages/arduino/hardware/sam/1.6.12/variants/arduino_due_x/libsam_sam3x8e_gcc_rel.a
LOAD /Users/iyongbin/Repository/linebot/ArduinoOutput/../../../../../private/var/folders/dv/dr6sg3sn6h16c2xkmjp_82bh0000gn/T/arduino/cores/arduino_sam_arduino_due_x_dbg_9c115d449f9823a058219a2ab3ee947d/core.a
END GROUP
LOAD /Users/iyongbin/Library/Arduino15/packages/arduino/tools/arm-none-eabi-gcc/4.8.3-2014q1/bin/../lib/gcc/arm-none-eabi/4.8.3/../../../../arm-none-eabi/lib/armv7-m/libm.a
LOAD /Users/iyongbin/Library/Arduino15/packages/arduino/tools/arm-none-eabi-gcc/4.8.3-2014q1/bin/../lib/gcc/arm-none-eabi/4.8.3/armv7-m/libgcc.a
START GROUP
LOAD /Users/iyongbin/Library/Arduino15/packages/arduino/tools/arm-none-eabi-gcc/4.8.3-2014q1/bin/../lib/gcc/arm-none-eabi/4.8.3/armv7-m/libgcc.a
LOAD /Users/iyongbin/Library/Arduino15/packages/arduino/tools/arm-none-eabi-gcc/4.8.3-2014q1/bin/../lib/gcc/arm-none-eabi/4.8.3/../../../../arm-none-eabi/lib/armv7-m/libc.a
END GROUP
LOAD /Users/iyongbin/Library/Arduino15/packages/arduino/tools/arm-none-eabi-gcc/4.8.3-2014q1/bin/../lib/gcc/arm-none-eabi/4.8.3/armv7-m/crtend.o
LOAD /Users/iyongbin/Library/Arduino15/packages/arduino/tools/arm-none-eabi-gcc/4.8.3-2014q1/bin/../lib/gcc/arm-none-eabi/4.8.3/armv7-m/crtn.o

.text           0x0000000000080000     0x62ec
                0x0000000000080000                . = ALIGN (0x4)
                0x0000000000080000                _sfixed = .
 *(.vectors .vectors.*)
 .vectors       0x0000000000080000       0xf4 /Users/iyongbin/Library/Arduino15/packages/arduino/hardware/sam/1.6.12/variants/arduino_due_x/libsam_sam3x8e_gcc_rel.a(startup_sam3xa.o)
                0x0000000000080000                exception_table
 *(.text .text.* .gnu.linkonce.t.*)
 .text          0x00000000000800f4       0x54 /Users/iyongbin/Library/Arduino15/packages/arduino/tools/arm-none-eabi-gcc/4.8.3-2014q1/bin/../lib/gcc/arm-none-eabi/4.8.3/armv7-m/crtbegin.o
 .text._Z16directionControli
                0x0000000000080148      0x110 /Users/iyongbin/Repository/linebot/ArduinoOutput/sketch/motor.ino.cpp.o
                0x0000000000080148                directionControl(int)
 .text.setup    0x0000000000080258       0x88 /Users/iyongbin/Repository/linebot/ArduinoOutput/sketch/motor.ino.cpp.o
                0x0000000000080258                setup
 .text.loop     0x00000000000802e0       0x58 /Users/iyongbin/Repository/linebot/ArduinoOutput/sketch/motor.ino.cpp.o
                0x00000000000802e0                loop
 .text._Z11serialEventv
                0x0000000000080338        0x2 /Users/iyongbin/Repository/linebot/ArduinoOutput/core/variant.cpp.o
                0x0000000000080338                serialEvent()
 *fill*         0x000000000008033a        0x2 
 .text.UART_Handler
                0x000000000008033c        0xc /Users/iyongbin/Repository/linebot/ArduinoOutput/core/variant.cpp.o
                0x000000000008033c                UART_Handler
 .text._Z12serialEvent1v
                0x0000000000080348        0x2 /Users/iyongbin/Repository/linebot/ArduinoOutput/core/variant.cpp.o
                0x0000000000080348                serialEvent1()
 .text._Z12serialEvent2v
                0x000000000008034a        0x2 /Users/iyongbin/Repository/linebot/ArduinoOutput/core/variant.cpp.o
                0x000000000008034a                serialEvent2()
 .text._Z12serialEvent3v
                0x000000000008034c        0x2 /Users/iyongbin/Repository/linebot/ArduinoOutput/core/variant.cpp.o
                0x000000000008034c                serialEvent3()
 *fill*         0x000000000008034e        0x2 
 .text.USART0_Handler
                0x0000000000080350        0xc /Users/iyongbin/Repository/linebot/ArduinoOutput/core/variant.cpp.o
                0x0000000000080350                USART0_Handler
 .text.USART1_Handler
                0x000000000008035c        0xc /Users/iyongbin/Repository/linebot/ArduinoOutput/core/variant.cpp.o
                0x000000000008035c                USART1_Handler
 .text.USART3_Handler
                0x0000000000080368        0xc /Users/iyongbin/Repository/linebot/ArduinoOutput/core/variant.cpp.o
                0x0000000000080368                USART3_Handler
 .text.init     0x0000000000080374      0x128 /Users/iyongbin/Repository/linebot/ArduinoOutput/core/variant.cpp.o
                0x0000000000080374                init
 .text.startup._GLOBAL__sub_I_g_APinDescription
                0x000000000008049c       0xd4 /Users/iyongbin/Repository/linebot/ArduinoOutput/core/variant.cpp.o
 .text._Z14serialEventRunv
                0x0000000000080570       0x44 /Users/iyongbin/Repository/linebot/ArduinoOutput/core/variant.cpp.o
                0x0000000000080570                serialEventRun()
 .text.PIO_PullUp
                0x00000000000805b4        0xa /Users/iyongbin/Library/Arduino15/packages/arduino/hardware/sam/1.6.12/variants/arduino_due_x/libsam_sam3x8e_gcc_rel.a(pio.o)
                0x00000000000805b4                PIO_PullUp
 .text.PIO_SetPeripheral
                0x00000000000805be       0x26 /Users/iyongbin/Library/Arduino15/packages/arduino/hardware/sam/1.6.12/variants/arduino_due_x/libsam_sam3x8e_gcc_rel.a(pio.o)
                0x00000000000805be                PIO_SetPeripheral
 .text.PIO_SetInput
                0x00000000000805e4       0x26 /Users/iyongbin/Library/Arduino15/packages/arduino/hardware/sam/1.6.12/variants/arduino_due_x/libsam_sam3x8e_gcc_rel.a(pio.o)
                0x00000000000805e4                PIO_SetInput
 .text.PIO_SetOutput
                0x000000000008060a       0x24 /Users/iyongbin/Library/Arduino15/packages/arduino/hardware/sam/1.6.12/variants/arduino_due_x/libsam_sam3x8e_gcc_rel.a(pio.o)
                0x000000000008060a                PIO_SetOutput
 *fill*         0x000000000008062e        0x2 
 .text.PIO_Configure
                0x0000000000080630       0x64 /Users/iyongbin/Library/Arduino15/packages/arduino/hardware/sam/1.6.12/variants/arduino_due_x/libsam_sam3x8e_gcc_rel.a(pio.o)
                0x0000000000080630                PIO_Configure
 .text.PIO_GetOutputDataStatus
                0x0000000000080694       0x14 /Users/iyongbin/Library/Arduino15/packages/arduino/hardware/sam/1.6.12/variants/arduino_due_x/libsam_sam3x8e_gcc_rel.a(pio.o)
                0x0000000000080694                PIO_GetOutputDataStatus
 .text.pmc_enable_upll_clock
                0x00000000000806a8       0x14 /Users/iyongbin/Library/Arduino15/packages/arduino/hardware/sam/1.6.12/variants/arduino_due_x/libsam_sam3x8e_gcc_rel.a(pmc.o)
                0x00000000000806a8                pmc_enable_upll_clock
 .text.pmc_enable_periph_clk
                0x00000000000806bc       0x44 /Users/iyongbin/Library/Arduino15/packages/arduino/hardware/sam/1.6.12/variants/arduino_due_x/libsam_sam3x8e_gcc_rel.a(pmc.o)
                0x00000000000806bc                pmc_enable_periph_clk
 .text.pmc_disable_periph_clk
                0x0000000000080700       0x40 /Users/iyongbin/Library/Arduino15/packages/arduino/hardware/sam/1.6.12/variants/arduino_due_x/libsam_sam3x8e_gcc_rel.a(pmc.o)
                0x0000000000080700                pmc_disable_periph_clk
 .text.pmc_switch_udpck_to_upllck
                0x0000000000080740       0x14 /Users/iyongbin/Library/Arduino15/packages/arduino/hardware/sam/1.6.12/variants/arduino_due_x/libsam_sam3x8e_gcc_rel.a(pmc.o)
                0x0000000000080740                pmc_switch_udpck_to_upllck
 .text.pmc_enable_udpck
                0x0000000000080754        0xc /Users/iyongbin/Library/Arduino15/packages/arduino/hardware/sam/1.6.12/variants/arduino_due_x/libsam_sam3x8e_gcc_rel.a(pmc.o)
                0x0000000000080754                pmc_enable_udpck
 .text.SystemInit
                0x0000000000080760       0x88 /Users/iyongbin/Library/Arduino15/packages/arduino/hardware/sam/1.6.12/variants/arduino_due_x/libsam_sam3x8e_gcc_rel.a(system_sam3xa.o)
                0x0000000000080760                SystemInit
 .text.Reset_Handler
                0x00000000000807e8       0x78 /Users/iyongbin/Library/Arduino15/packages/arduino/hardware/sam/1.6.12/variants/arduino_due_x/libsam_sam3x8e_gcc_rel.a(startup_sam3xa.o)
                0x00000000000807e8                Reset_Handler
 .text.adc_init
                0x0000000000080860       0x98 /Users/iyongbin/Library/Arduino15/packages/arduino/hardware/sam/1.6.12/variants/arduino_due_x/libsam_sam3x8e_gcc_rel.a(adc.o)
                0x0000000000080860                adc_init
 .text.adc_configure_trigger
                0x00000000000808f8        0xe /Users/iyongbin/Library/Arduino15/packages/arduino/hardware/sam/1.6.12/variants/arduino_due_x/libsam_sam3x8e_gcc_rel.a(adc.o)
                0x00000000000808f8                adc_configure_trigger
 .text.adc_configure_timing
                0x0000000000080906       0x1a /Users/iyongbin/Library/Arduino15/packages/arduino/hardware/sam/1.6.12/variants/arduino_due_x/libsam_sam3x8e_gcc_rel.a(adc.o)
                0x0000000000080906                adc_configure_timing
 .text.adc_disable_channel
                0x0000000000080920        0xa /Users/iyongbin/Library/Arduino15/packages/arduino/hardware/sam/1.6.12/variants/arduino_due_x/libsam_sam3x8e_gcc_rel.a(adc.o)
                0x0000000000080920                adc_disable_channel
 .text.adc_disable_all_channel
                0x000000000008092a        0x8 /Users/iyongbin/Library/Arduino15/packages/arduino/hardware/sam/1.6.12/variants/arduino_due_x/libsam_sam3x8e_gcc_rel.a(adc.o)
                0x000000000008092a                adc_disable_all_channel
 .text.adc_disable_interrupt
                0x0000000000080932        0x4 /Users/iyongbin/Library/Arduino15/packages/arduino/hardware/sam/1.6.12/variants/arduino_due_x/libsam_sam3x8e_gcc_rel.a(adc.o)
                0x0000000000080932                adc_disable_interrupt
 *fill*         0x0000000000080936        0x2 
 .text.UOTGHS_Handler
                0x0000000000080938       0x10 /Users/iyongbin/Library/Arduino15/packages/arduino/hardware/sam/1.6.12/variants/arduino_due_x/libsam_sam3x8e_gcc_rel.a(uotghs.o)
                0x0000000000080938                UOTGHS_Handler
 .text._ZN5Print5writeEPKhj
                0x0000000000080948       0x22 /Users/iyongbin/Repository/linebot/ArduinoOutput/../../../../../private/var/folders/dv/dr6sg3sn6h16c2xkmjp_82bh0000gn/T/arduino/cores/arduino_sam_arduino_due_x_dbg_9c115d449f9823a058219a2ab3ee947d/core.a(Print.cpp.o)
                0x0000000000080948                Print::write(unsigned char const*, unsigned int)
 .text._ZN5Print5writeEPKc
                0x000000000008096a       0x1e /Users/iyongbin/Repository/linebot/ArduinoOutput/../../../../../private/var/folders/dv/dr6sg3sn6h16c2xkmjp_82bh0000gn/T/arduino/cores/arduino_sam_arduino_due_x_dbg_9c115d449f9823a058219a2ab3ee947d/core.a(Print.cpp.o)
                0x000000000008096a                Print::write(char const*)
 .text._ZN5Print7printlnEv
                0x0000000000080988       0x10 /Users/iyongbin/Repository/linebot/ArduinoOutput/../../../../../private/var/folders/dv/dr6sg3sn6h16c2xkmjp_82bh0000gn/T/arduino/cores/arduino_sam_arduino_due_x_dbg_9c115d449f9823a058219a2ab3ee947d/core.a(Print.cpp.o)
                0x0000000000080988                Print::println()
 .text._ZN5Print7printlnEPKc
                0x0000000000080998       0x14 /Users/iyongbin/Repository/linebot/ArduinoOutput/../../../../../private/var/folders/dv/dr6sg3sn6h16c2xkmjp_82bh0000gn/T/arduino/cores/arduino_sam_arduino_due_x_dbg_9c115d449f9823a058219a2ab3ee947d/core.a(Print.cpp.o)
                0x0000000000080998                Print::println(char const*)
 .text._ZN10RingBufferC2Ev
                0x00000000000809ac       0x1a /Users/iyongbin/Repository/linebot/ArduinoOutput/../../../../../private/var/folders/dv/dr6sg3sn6h16c2xkmjp_82bh0000gn/T/arduino/cores/arduino_sam_arduino_due_x_dbg_9c115d449f9823a058219a2ab3ee947d/core.a(RingBuffer.cpp.o)
                0x00000000000809ac                RingBuffer::RingBuffer()
                0x00000000000809ac                RingBuffer::RingBuffer()
 .text._ZN10RingBuffer10store_charEh
                0x00000000000809c6       0x1e /Users/iyongbin/Repository/linebot/ArduinoOutput/../../../../../private/var/folders/dv/dr6sg3sn6h16c2xkmjp_82bh0000gn/T/arduino/cores/arduino_sam_arduino_due_x_dbg_9c115d449f9823a058219a2ab3ee947d/core.a(RingBuffer.cpp.o)
                0x00000000000809c6                RingBuffer::store_char(unsigned char)
 .text._ZN9UARTClasscvbEv
                0x00000000000809e4        0x4 /Users/iyongbin/Repository/linebot/ArduinoOutput/../../../../../private/var/folders/dv/dr6sg3sn6h16c2xkmjp_82bh0000gn/T/arduino/cores/arduino_sam_arduino_due_x_dbg_9c115d449f9823a058219a2ab3ee947d/core.a(UARTClass.cpp.o)
                0x00000000000809e4                UARTClass::operator bool()
 .text._ZN9UARTClass9availableEv
                0x00000000000809e8       0x12 /Users/iyongbin/Repository/linebot/ArduinoOutput/../../../../../private/var/folders/dv/dr6sg3sn6h16c2xkmjp_82bh0000gn/T/arduino/cores/arduino_sam_arduino_due_x_dbg_9c115d449f9823a058219a2ab3ee947d/core.a(UARTClass.cpp.o)
                0x00000000000809e8                UARTClass::available()
 .text._ZN9UARTClass4peekEv
                0x00000000000809fa       0x1c /Users/iyongbin/Repository/linebot/ArduinoOutput/../../../../../private/var/folders/dv/dr6sg3sn6h16c2xkmjp_82bh0000gn/T/arduino/cores/arduino_sam_arduino_due_x_dbg_9c115d449f9823a058219a2ab3ee947d/core.a(UARTClass.cpp.o)
                0x00000000000809fa                UARTClass::peek()
 .text._ZN9UARTClass4readEv
                0x0000000000080a16       0x2a /Users/iyongbin/Repository/linebot/ArduinoOutput/../../../../../private/var/folders/dv/dr6sg3sn6h16c2xkmjp_82bh0000gn/T/arduino/cores/arduino_sam_arduino_due_x_dbg_9c115d449f9823a058219a2ab3ee947d/core.a(UARTClass.cpp.o)
                0x0000000000080a16                UARTClass::read()
 .text._ZN9UARTClass5flushEv
                0x0000000000080a40       0x18 /Users/iyongbin/Repository/linebot/ArduinoOutput/../../../../../private/var/folders/dv/dr6sg3sn6h16c2xkmjp_82bh0000gn/T/arduino/cores/arduino_sam_arduino_due_x_dbg_9c115d449f9823a058219a2ab3ee947d/core.a(UARTClass.cpp.o)
                0x0000000000080a40                UARTClass::flush()
 .text._ZN9UARTClass5writeEh
                0x0000000000080a58       0x54 /Users/iyongbin/Repository/linebot/ArduinoOutput/../../../../../private/var/folders/dv/dr6sg3sn6h16c2xkmjp_82bh0000gn/T/arduino/cores/arduino_sam_arduino_due_x_dbg_9c115d449f9823a058219a2ab3ee947d/core.a(UARTClass.cpp.o)
                0x0000000000080a58                UARTClass::write(unsigned char)
 .text._ZN9UARTClass3endEv
                0x0000000000080aac       0x3c /Users/iyongbin/Repository/linebot/ArduinoOutput/../../../../../private/var/folders/dv/dr6sg3sn6h16c2xkmjp_82bh0000gn/T/arduino/cores/arduino_sam_arduino_due_x_dbg_9c115d449f9823a058219a2ab3ee947d/core.a(UARTClass.cpp.o)
                0x0000000000080aac                UARTClass::end()
 .text._ZN9UARTClassC2EP4Uart4IRQnmP10RingBufferS4_
                0x0000000000080ae8       0x24 /Users/iyongbin/Repository/linebot/ArduinoOutput/../../../../../private/var/folders/dv/dr6sg3sn6h16c2xkmjp_82bh0000gn/T/arduino/cores/arduino_sam_arduino_due_x_dbg_9c115d449f9823a058219a2ab3ee947d/core.a(UARTClass.cpp.o)
                0x0000000000080ae8                UARTClass::UARTClass(Uart*, IRQn, unsigned long, RingBuffer*, RingBuffer*)
                0x0000000000080ae8                UARTClass::UARTClass(Uart*, IRQn, unsigned long, RingBuffer*, RingBuffer*)
 .text._ZN9UARTClass4initEmm
                0x0000000000080b0c       0x70 /Users/iyongbin/Repository/linebot/ArduinoOutput/../../../../../private/var/folders/dv/dr6sg3sn6h16c2xkmjp_82bh0000gn/T/arduino/cores/arduino_sam_arduino_due_x_dbg_9c115d449f9823a058219a2ab3ee947d/core.a(UARTClass.cpp.o)
                0x0000000000080b0c                UARTClass::init(unsigned long, unsigned long)
 .text._ZN9UARTClass5beginEm
                0x0000000000080b7c        0x8 /Users/iyongbin/Repository/linebot/ArduinoOutput/../../../../../private/var/folders/dv/dr6sg3sn6h16c2xkmjp_82bh0000gn/T/arduino/cores/arduino_sam_arduino_due_x_dbg_9c115d449f9823a058219a2ab3ee947d/core.a(UARTClass.cpp.o)
                0x0000000000080b7c                UARTClass::begin(unsigned long)
 .text._ZN9UARTClass10IrqHandlerEv
                0x0000000000080b84       0x5a /Users/iyongbin/Repository/linebot/ArduinoOutput/../../../../../private/var/folders/dv/dr6sg3sn6h16c2xkmjp_82bh0000gn/T/arduino/cores/arduino_sam_arduino_due_x_dbg_9c115d449f9823a058219a2ab3ee947d/core.a(UARTClass.cpp.o)
                0x0000000000080b84                UARTClass::IrqHandler()
 .text._ZN10USARTClass5beginEm
                0x0000000000080bde        0x8 /Users/iyongbin/Repository/linebot/ArduinoOutput/../../../../../private/var/folders/dv/dr6sg3sn6h16c2xkmjp_82bh0000gn/T/arduino/cores/arduino_sam_arduino_due_x_dbg_9c115d449f9823a058219a2ab3ee947d/core.a(USARTClass.cpp.o)
                0x0000000000080bde                USARTClass::begin(unsigned long)
 *fill*         0x0000000000080be6        0x2 
 .text._ZN10USARTClassC2EP5Usart4IRQnmP10RingBufferS4_
                0x0000000000080be8       0x24 /Users/iyongbin/Repository/linebot/ArduinoOutput/../../../../../private/var/folders/dv/dr6sg3sn6h16c2xkmjp_82bh0000gn/T/arduino/cores/arduino_sam_arduino_due_x_dbg_9c115d449f9823a058219a2ab3ee947d/core.a(USARTClass.cpp.o)
                0x0000000000080be8                USARTClass::USARTClass(Usart*, IRQn, unsigned long, RingBuffer*, RingBuffer*)
                0x0000000000080be8                USARTClass::USARTClass(Usart*, IRQn, unsigned long, RingBuffer*, RingBuffer*)
 .text.PIOA_Handler
                0x0000000000080c0c       0x38 /Users/iyongbin/Repository/linebot/ArduinoOutput/../../../../../private/var/folders/dv/dr6sg3sn6h16c2xkmjp_82bh0000gn/T/arduino/cores/arduino_sam_arduino_due_x_dbg_9c115d449f9823a058219a2ab3ee947d/core.a(WInterrupts.c.o)
                0x0000000000080c0c                PIOA_Handler
 .text.PIOB_Handler
                0x0000000000080c44       0x38 /Users/iyongbin/Repository/linebot/ArduinoOutput/../../../../../private/var/folders/dv/dr6sg3sn6h16c2xkmjp_82bh0000gn/T/arduino/cores/arduino_sam_arduino_due_x_dbg_9c115d449f9823a058219a2ab3ee947d/core.a(WInterrupts.c.o)
                0x0000000000080c44                PIOB_Handler
 .text.PIOC_Handler
                0x0000000000080c7c       0x38 /Users/iyongbin/Repository/linebot/ArduinoOutput/../../../../../private/var/folders/dv/dr6sg3sn6h16c2xkmjp_82bh0000gn/T/arduino/cores/arduino_sam_arduino_due_x_dbg_9c115d449f9823a058219a2ab3ee947d/core.a(WInterrupts.c.o)
                0x0000000000080c7c                PIOC_Handler
 .text.PIOD_Handler
                0x0000000000080cb4       0x38 /Users/iyongbin/Repository/linebot/ArduinoOutput/../../../../../private/var/folders/dv/dr6sg3sn6h16c2xkmjp_82bh0000gn/T/arduino/cores/arduino_sam_arduino_due_x_dbg_9c115d449f9823a058219a2ab3ee947d/core.a(WInterrupts.c.o)
                0x0000000000080cb4                PIOD_Handler
 .text.__halt   0x0000000000080cec        0x2 /Users/iyongbin/Repository/linebot/ArduinoOutput/../../../../../private/var/folders/dv/dr6sg3sn6h16c2xkmjp_82bh0000gn/T/arduino/cores/arduino_sam_arduino_due_x_dbg_9c115d449f9823a058219a2ab3ee947d/core.a(cortex_handlers.c.o)
                0x0000000000080cec                SPI0_Handler
                0x0000000000080cec                DebugMon_Handler
                0x0000000000080cec                DMAC_Handler
                0x0000000000080cec                TRNG_Handler
                0x0000000000080cec                HardFault_Handler
                0x0000000000080cec                TC2_Handler
                0x0000000000080cec                TWI1_Handler
                0x0000000000080cec                NMI_Handler
                0x0000000000080cec                TC7_Handler
                0x0000000000080cec                ADC_Handler
                0x0000000000080cec                SMC_Handler
                0x0000000000080cec                RTT_Handler
                0x0000000000080cec                EFC1_Handler
                0x0000000000080cec                RTC_Handler
                0x0000000000080cec                UsageFault_Handler
                0x0000000000080cec                TC6_Handler
                0x0000000000080cec                WDT_Handler
                0x0000000000080cec                CAN0_Handler
                0x0000000000080cec                TC4_Handler
                0x0000000000080cec                TC1_Handler
                0x0000000000080cec                HSMCI_Handler
                0x0000000000080cec                TC3_Handler
                0x0000000000080cec                TWI0_Handler
                0x0000000000080cec                SSC_Handler
                0x0000000000080cec                EFC0_Handler
                0x0000000000080cec                PMC_Handler
                0x0000000000080cec                PWM_Handler
                0x0000000000080cec                CAN1_Handler
                0x0000000000080cec                MemManage_Handler
                0x0000000000080cec                SUPC_Handler
                0x0000000000080cec                TC8_Handler
                0x0000000000080cec                USART2_Handler
                0x0000000000080cec                EMAC_Handler
                0x0000000000080cec                BusFault_Handler
                0x0000000000080cec                RSTC_Handler
                0x0000000000080cec                TC0_Handler
                0x0000000000080cec                TC5_Handler
                0x0000000000080cec                DACC_Handler
 .text.SVC_Handler
                0x0000000000080cee        0x4 /Users/iyongbin/Repository/linebot/ArduinoOutput/../../../../../private/var/folders/dv/dr6sg3sn6h16c2xkmjp_82bh0000gn/T/arduino/cores/arduino_sam_arduino_due_x_dbg_9c115d449f9823a058219a2ab3ee947d/core.a(cortex_handlers.c.o)
                0x0000000000080cee                SVC_Handler
 .text.PendSV_Handler
                0x0000000000080cf2        0x4 /Users/iyongbin/Repository/linebot/ArduinoOutput/../../../../../private/var/folders/dv/dr6sg3sn6h16c2xkmjp_82bh0000gn/T/arduino/cores/arduino_sam_arduino_due_x_dbg_9c115d449f9823a058219a2ab3ee947d/core.a(cortex_handlers.c.o)
                0x0000000000080cf2                PendSV_Handler
 .text.SysTick_Handler
                0x0000000000080cf6       0x16 /Users/iyongbin/Repository/linebot/ArduinoOutput/../../../../../private/var/folders/dv/dr6sg3sn6h16c2xkmjp_82bh0000gn/T/arduino/cores/arduino_sam_arduino_due_x_dbg_9c115d449f9823a058219a2ab3ee947d/core.a(cortex_handlers.c.o)
                0x0000000000080cf6                SysTick_Handler
 .text.__empty  0x0000000000080d0c        0x2 /Users/iyongbin/Repository/linebot/ArduinoOutput/../../../../../private/var/folders/dv/dr6sg3sn6h16c2xkmjp_82bh0000gn/T/arduino/cores/arduino_sam_arduino_due_x_dbg_9c115d449f9823a058219a2ab3ee947d/core.a(hooks.c.o)
                0x0000000000080d0c                yield
 .text.__false  0x0000000000080d0e        0x4 /Users/iyongbin/Repository/linebot/ArduinoOutput/../../../../../private/var/folders/dv/dr6sg3sn6h16c2xkmjp_82bh0000gn/T/arduino/cores/arduino_sam_arduino_due_x_dbg_9c115d449f9823a058219a2ab3ee947d/core.a(hooks.c.o)
                0x0000000000080d0e                sysTickHook
 .text.__halt   0x0000000000080d12        0x2 /Users/iyongbin/Repository/linebot/ArduinoOutput/../../../../../private/var/folders/dv/dr6sg3sn6h16c2xkmjp_82bh0000gn/T/arduino/cores/arduino_sam_arduino_due_x_dbg_9c115d449f9823a058219a2ab3ee947d/core.a(hooks.c.o)
                0x0000000000080d12                pendSVHook
                0x0000000000080d12                svcHook
 .text.initVariant
                0x0000000000080d14        0x2 /Users/iyongbin/Repository/linebot/ArduinoOutput/../../../../../private/var/folders/dv/dr6sg3sn6h16c2xkmjp_82bh0000gn/T/arduino/cores/arduino_sam_arduino_due_x_dbg_9c115d449f9823a058219a2ab3ee947d/core.a(main.cpp.o)
                0x0000000000080d14                initVariant
 *fill*         0x0000000000080d16        0x2 
 .text.startup.main
                0x0000000000080d18       0x38 /Users/iyongbin/Repository/linebot/ArduinoOutput/../../../../../private/var/folders/dv/dr6sg3sn6h16c2xkmjp_82bh0000gn/T/arduino/cores/arduino_sam_arduino_due_x_dbg_9c115d449f9823a058219a2ab3ee947d/core.a(main.cpp.o)
                0x0000000000080d18                main
 .text._sbrk    0x0000000000080d50       0x1c /Users/iyongbin/Repository/linebot/ArduinoOutput/../../../../../private/var/folders/dv/dr6sg3sn6h16c2xkmjp_82bh0000gn/T/arduino/cores/arduino_sam_arduino_due_x_dbg_9c115d449f9823a058219a2ab3ee947d/core.a(syscalls_sam3.c.o)
                0x0000000000080d50                _sbrk
 .text.link     0x0000000000080d6c        0x6 /Users/iyongbin/Repository/linebot/ArduinoOutput/../../../../../private/var/folders/dv/dr6sg3sn6h16c2xkmjp_82bh0000gn/T/arduino/cores/arduino_sam_arduino_due_x_dbg_9c115d449f9823a058219a2ab3ee947d/core.a(syscalls_sam3.c.o)
                0x0000000000080d6c                link
 .text._close   0x0000000000080d72        0x6 /Users/iyongbin/Repository/linebot/ArduinoOutput/../../../../../private/var/folders/dv/dr6sg3sn6h16c2xkmjp_82bh0000gn/T/arduino/cores/arduino_sam_arduino_due_x_dbg_9c115d449f9823a058219a2ab3ee947d/core.a(syscalls_sam3.c.o)
                0x0000000000080d72                _close
 .text._fstat   0x0000000000080d78        0xa /Users/iyongbin/Repository/linebot/ArduinoOutput/../../../../../private/var/folders/dv/dr6sg3sn6h16c2xkmjp_82bh0000gn/T/arduino/cores/arduino_sam_arduino_due_x_dbg_9c115d449f9823a058219a2ab3ee947d/core.a(syscalls_sam3.c.o)
                0x0000000000080d78                _fstat
 .text._isatty  0x0000000000080d82        0x4 /Users/iyongbin/Repository/linebot/ArduinoOutput/../../../../../private/var/folders/dv/dr6sg3sn6h16c2xkmjp_82bh0000gn/T/arduino/cores/arduino_sam_arduino_due_x_dbg_9c115d449f9823a058219a2ab3ee947d/core.a(syscalls_sam3.c.o)
                0x0000000000080d82                _isatty
 .text._lseek   0x0000000000080d86        0x4 /Users/iyongbin/Repository/linebot/ArduinoOutput/../../../../../private/var/folders/dv/dr6sg3sn6h16c2xkmjp_82bh0000gn/T/arduino/cores/arduino_sam_arduino_due_x_dbg_9c115d449f9823a058219a2ab3ee947d/core.a(syscalls_sam3.c.o)
                0x0000000000080d86                _lseek
 .text._read    0x0000000000080d8a        0x4 /Users/iyongbin/Repository/linebot/ArduinoOutput/../../../../../private/var/folders/dv/dr6sg3sn6h16c2xkmjp_82bh0000gn/T/arduino/cores/arduino_sam_arduino_due_x_dbg_9c115d449f9823a058219a2ab3ee947d/core.a(syscalls_sam3.c.o)
                0x0000000000080d8a                _read
 *fill*         0x0000000000080d8e        0x2 
 .text._write   0x0000000000080d90       0x24 /Users/iyongbin/Repository/linebot/ArduinoOutput/../../../../../private/var/folders/dv/dr6sg3sn6h16c2xkmjp_82bh0000gn/T/arduino/cores/arduino_sam_arduino_due_x_dbg_9c115d449f9823a058219a2ab3ee947d/core.a(syscalls_sam3.c.o)
                0x0000000000080d90                _write
 .text._exit    0x0000000000080db4        0x2 /Users/iyongbin/Repository/linebot/ArduinoOutput/../../../../../private/var/folders/dv/dr6sg3sn6h16c2xkmjp_82bh0000gn/T/arduino/cores/arduino_sam_arduino_due_x_dbg_9c115d449f9823a058219a2ab3ee947d/core.a(syscalls_sam3.c.o)
                0x0000000000080db4                _exit
 .text._kill    0x0000000000080db6        0x2 /Users/iyongbin/Repository/linebot/ArduinoOutput/../../../../../private/var/folders/dv/dr6sg3sn6h16c2xkmjp_82bh0000gn/T/arduino/cores/arduino_sam_arduino_due_x_dbg_9c115d449f9823a058219a2ab3ee947d/core.a(syscalls_sam3.c.o)
                0x0000000000080db6                _kill
 .text._getpid  0x0000000000080db8        0x6 /Users/iyongbin/Repository/linebot/ArduinoOutput/../../../../../private/var/folders/dv/dr6sg3sn6h16c2xkmjp_82bh0000gn/T/arduino/cores/arduino_sam_arduino_due_x_dbg_9c115d449f9823a058219a2ab3ee947d/core.a(syscalls_sam3.c.o)
                0x0000000000080db8                _getpid
 *fill*         0x0000000000080dbe        0x2 
 .text._watchdogDefaultSetup
                0x0000000000080dc0        0xc /Users/iyongbin/Repository/linebot/ArduinoOutput/../../../../../private/var/folders/dv/dr6sg3sn6h16c2xkmjp_82bh0000gn/T/arduino/cores/arduino_sam_arduino_due_x_dbg_9c115d449f9823a058219a2ab3ee947d/core.a(watchdog.cpp.o)
                0x0000000000080dc0                watchdogSetup()
                0x0000000000080dc0                _watchdogDefaultSetup
 .text.delay    0x0000000000080dcc       0x1c /Users/iyongbin/Repository/linebot/ArduinoOutput/../../../../../private/var/folders/dv/dr6sg3sn6h16c2xkmjp_82bh0000gn/T/arduino/cores/arduino_sam_arduino_due_x_dbg_9c115d449f9823a058219a2ab3ee947d/core.a(wiring.c.o)
                0x0000000000080dcc                delay
 .text.mapResolution
                0x0000000000080de8       0x12 /Users/iyongbin/Repository/linebot/ArduinoOutput/../../../../../private/var/folders/dv/dr6sg3sn6h16c2xkmjp_82bh0000gn/T/arduino/cores/arduino_sam_arduino_due_x_dbg_9c115d449f9823a058219a2ab3ee947d/core.a(wiring_analog.c.o)
 .text.analogOutputInit
                0x0000000000080dfa        0x2 /Users/iyongbin/Repository/linebot/ArduinoOutput/../../../../../private/var/folders/dv/dr6sg3sn6h16c2xkmjp_82bh0000gn/T/arduino/cores/arduino_sam_arduino_due_x_dbg_9c115d449f9823a058219a2ab3ee947d/core.a(wiring_analog.c.o)
                0x0000000000080dfa                analogOutputInit
 .text.analogWrite
                0x0000000000080dfc      0x2c0 /Users/iyongbin/Repository/linebot/ArduinoOutput/../../../../../private/var/folders/dv/dr6sg3sn6h16c2xkmjp_82bh0000gn/T/arduino/cores/arduino_sam_arduino_due_x_dbg_9c115d449f9823a058219a2ab3ee947d/core.a(wiring_analog.c.o)
                0x0000000000080dfc                analogWrite
 .text.pinMode  0x00000000000810bc      0x108 /Users/iyongbin/Repository/linebot/ArduinoOutput/../../../../../private/var/folders/dv/dr6sg3sn6h16c2xkmjp_82bh0000gn/T/arduino/cores/arduino_sam_arduino_due_x_dbg_9c115d449f9823a058219a2ab3ee947d/core.a(wiring_digital.c.o)
                0x00000000000810bc                pinMode
 .text.digitalWrite
                0x00000000000811c4       0x70 /Users/iyongbin/Repository/linebot/ArduinoOutput/../../../../../private/var/folders/dv/dr6sg3sn6h16c2xkmjp_82bh0000gn/T/arduino/cores/arduino_sam_arduino_due_x_dbg_9c115d449f9823a058219a2ab3ee947d/core.a(wiring_digital.c.o)
                0x00000000000811c4                digitalWrite
 .text.initiateReset
                0x0000000000081234        0xc /Users/iyongbin/Repository/linebot/ArduinoOutput/../../../../../private/var/folders/dv/dr6sg3sn6h16c2xkmjp_82bh0000gn/T/arduino/cores/arduino_sam_arduino_due_x_dbg_9c115d449f9823a058219a2ab3ee947d/core.a(Reset.cpp.o)
                0x0000000000081234                initiateReset
 .text.cancelReset
                0x0000000000081240       0x10 /Users/iyongbin/Repository/linebot/ArduinoOutput/../../../../../private/var/folders/dv/dr6sg3sn6h16c2xkmjp_82bh0000gn/T/arduino/cores/arduino_sam_arduino_due_x_dbg_9c115d449f9823a058219a2ab3ee947d/core.a(Reset.cpp.o)
                0x0000000000081240                cancelReset
 .text.tickReset
                0x0000000000081250       0x20 /Users/iyongbin/Repository/linebot/ArduinoOutput/../../../../../private/var/folders/dv/dr6sg3sn6h16c2xkmjp_82bh0000gn/T/arduino/cores/arduino_sam_arduino_due_x_dbg_9c115d449f9823a058219a2ab3ee947d/core.a(Reset.cpp.o)
                0x0000000000081250                tickReset
 .text.unlikely._ZL11USB_SendZlpv
                0x0000000000081270       0x20 /Users/iyongbin/Repository/linebot/ArduinoOutput/../../../../../private/var/folders/dv/dr6sg3sn6h16c2xkmjp_82bh0000gn/T/arduino/cores/arduino_sam_arduino_due_x_dbg_9c115d449f9823a058219a2ab3ee947d/core.a(USBCore.cpp.o)
 .text._Z14USBD_Availablem
                0x0000000000081290       0x2c /Users/iyongbin/Repository/linebot/ArduinoOutput/../../../../../private/var/folders/dv/dr6sg3sn6h16c2xkmjp_82bh0000gn/T/arduino/cores/arduino_sam_arduino_due_x_dbg_9c115d449f9823a058219a2ab3ee947d/core.a(USBCore.cpp.o)
                0x0000000000081290                USBD_Available(unsigned long)
 .text._Z9USBD_RecvmPvm
                0x00000000000812bc       0x7c /Users/iyongbin/Repository/linebot/ArduinoOutput/../../../../../private/var/folders/dv/dr6sg3sn6h16c2xkmjp_82bh0000gn/T/arduino/cores/arduino_sam_arduino_due_x_dbg_9c115d449f9823a058219a2ab3ee947d/core.a(USBCore.cpp.o)
                0x00000000000812bc                USBD_Recv(unsigned long, void*, unsigned long)
 .text._Z9USBD_Recvm
                0x0000000000081338       0x22 /Users/iyongbin/Repository/linebot/ArduinoOutput/../../../../../private/var/folders/dv/dr6sg3sn6h16c2xkmjp_82bh0000gn/T/arduino/cores/arduino_sam_arduino_due_x_dbg_9c115d449f9823a058219a2ab3ee947d/core.a(USBCore.cpp.o)
                0x0000000000081338                USBD_Recv(unsigned long)
 *fill*         0x000000000008135a        0x2 
 .text._Z9USBD_SendmPKvm
                0x000000000008135c       0x4c /Users/iyongbin/Repository/linebot/ArduinoOutput/../../../../../private/var/folders/dv/dr6sg3sn6h16c2xkmjp_82bh0000gn/T/arduino/cores/arduino_sam_arduino_due_x_dbg_9c115d449f9823a058219a2ab3ee947d/core.a(USBCore.cpp.o)
                0x000000000008135c                USBD_Send(unsigned long, void const*, unsigned long)
 .text._Z16USBD_SendControlhPKvm
                0x00000000000813a8       0x40 /Users/iyongbin/Repository/linebot/ArduinoOutput/../../../../../private/var/folders/dv/dr6sg3sn6h16c2xkmjp_82bh0000gn/T/arduino/cores/arduino_sam_arduino_due_x_dbg_9c115d449f9823a058219a2ab3ee947d/core.a(USBCore.cpp.o)
                0x00000000000813a8                USBD_SendControl(unsigned char, void const*, unsigned long)
 .text.unlikely._ZL24USB_SendStringDescriptorPKhi
                0x00000000000813e8       0x64 /Users/iyongbin/Repository/linebot/ArduinoOutput/../../../../../private/var/folders/dv/dr6sg3sn6h16c2xkmjp_82bh0000gn/T/arduino/cores/arduino_sam_arduino_due_x_dbg_9c115d449f9823a058219a2ab3ee947d/core.a(USBCore.cpp.o)
 .text._Z16USBD_RecvControlPvm
                0x000000000008144c       0x1c /Users/iyongbin/Repository/linebot/ArduinoOutput/../../../../../private/var/folders/dv/dr6sg3sn6h16c2xkmjp_82bh0000gn/T/arduino/cores/arduino_sam_arduino_due_x_dbg_9c115d449f9823a058219a2ab3ee947d/core.a(USBCore.cpp.o)
                0x000000000008144c                USBD_RecvControl(void*, unsigned long)
 .text._Z26USBD_ClassInterfaceRequestR8USBSetup
                0x0000000000081468       0x1e /Users/iyongbin/Repository/linebot/ArduinoOutput/../../../../../private/var/folders/dv/dr6sg3sn6h16c2xkmjp_82bh0000gn/T/arduino/cores/arduino_sam_arduino_due_x_dbg_9c115d449f9823a058219a2ab3ee947d/core.a(USBCore.cpp.o)
                0x0000000000081468                USBD_ClassInterfaceRequest(USBSetup&)
 .text._Z19USBD_SendInterfacesv
                0x0000000000081486       0x22 /Users/iyongbin/Repository/linebot/ArduinoOutput/../../../../../private/var/folders/dv/dr6sg3sn6h16c2xkmjp_82bh0000gn/T/arduino/cores/arduino_sam_arduino_due_x_dbg_9c115d449f9823a058219a2ab3ee947d/core.a(USBCore.cpp.o)
                0x0000000000081486                USBD_SendInterfaces()
 .text._Z24USBD_SendOtherInterfacesv
                0x00000000000814a8       0x22 /Users/iyongbin/Repository/linebot/ArduinoOutput/../../../../../private/var/folders/dv/dr6sg3sn6h16c2xkmjp_82bh0000gn/T/arduino/cores/arduino_sam_arduino_due_x_dbg_9c115d449f9823a058219a2ab3ee947d/core.a(USBCore.cpp.o)
                0x00000000000814a8                USBD_SendOtherInterfaces()
 .text._Z10USBD_Flushm
                0x00000000000814ca       0x16 /Users/iyongbin/Repository/linebot/ArduinoOutput/../../../../../private/var/folders/dv/dr6sg3sn6h16c2xkmjp_82bh0000gn/T/arduino/cores/arduino_sam_arduino_due_x_dbg_9c115d449f9823a058219a2ab3ee947d/core.a(USBCore.cpp.o)
                0x00000000000814ca                USBD_Flush(unsigned long)
 .text._ZN10USBDevice_C2Ev
                0x00000000000814e0       0x24 /Users/iyongbin/Repository/linebot/ArduinoOutput/../../../../../private/var/folders/dv/dr6sg3sn6h16c2xkmjp_82bh0000gn/T/arduino/cores/arduino_sam_arduino_due_x_dbg_9c115d449f9823a058219a2ab3ee947d/core.a(USBCore.cpp.o)
                0x00000000000814e0                USBDevice_::USBDevice_()
                0x00000000000814e0                USBDevice_::USBDevice_()
 .text._ZN10USBDevice_6attachEv
                0x0000000000081504       0x20 /Users/iyongbin/Repository/linebot/ArduinoOutput/../../../../../private/var/folders/dv/dr6sg3sn6h16c2xkmjp_82bh0000gn/T/arduino/cores/arduino_sam_arduino_due_x_dbg_9c115d449f9823a058219a2ab3ee947d/core.a(USBCore.cpp.o)
                0x0000000000081504                USBDevice_::attach()
 .text.startup._GLOBAL__sub_I_EndPoints
                0x0000000000081524        0xc /Users/iyongbin/Repository/linebot/ArduinoOutput/../../../../../private/var/folders/dv/dr6sg3sn6h16c2xkmjp_82bh0000gn/T/arduino/cores/arduino_sam_arduino_due_x_dbg_9c115d449f9823a058219a2ab3ee947d/core.a(USBCore.cpp.o)
 .text._ZL7USB_ISRv
                0x0000000000081530      0x454 /Users/iyongbin/Repository/linebot/ArduinoOutput/../../../../../private/var/folders/dv/dr6sg3sn6h16c2xkmjp_82bh0000gn/T/arduino/cores/arduino_sam_arduino_due_x_dbg_9c115d449f9823a058219a2ab3ee947d/core.a(USBCore.cpp.o)
 .text._ZN7Serial_9availableEv
                0x0000000000081984       0x18 /Users/iyongbin/Repository/linebot/ArduinoOutput/../../../../../private/var/folders/dv/dr6sg3sn6h16c2xkmjp_82bh0000gn/T/arduino/cores/arduino_sam_arduino_due_x_dbg_9c115d449f9823a058219a2ab3ee947d/core.a(CDC.cpp.o)
                0x0000000000081984                Serial_::available()
 .text._ZN7Serial_17availableForWriteEv
                0x000000000008199c        0x6 /Users/iyongbin/Repository/linebot/ArduinoOutput/../../../../../private/var/folders/dv/dr6sg3sn6h16c2xkmjp_82bh0000gn/T/arduino/cores/arduino_sam_arduino_due_x_dbg_9c115d449f9823a058219a2ab3ee947d/core.a(CDC.cpp.o)
                0x000000000008199c                Serial_::availableForWrite()
 *fill*         0x00000000000819a2        0x2 
 .text._ZN7Serial_4peekEv
                0x00000000000819a4       0x20 /Users/iyongbin/Repository/linebot/ArduinoOutput/../../../../../private/var/folders/dv/dr6sg3sn6h16c2xkmjp_82bh0000gn/T/arduino/cores/arduino_sam_arduino_due_x_dbg_9c115d449f9823a058219a2ab3ee947d/core.a(CDC.cpp.o)
                0x00000000000819a4                Serial_::peek()
 .text._ZN7Serial_5writeEh
                0x00000000000819c4       0x16 /Users/iyongbin/Repository/linebot/ArduinoOutput/../../../../../private/var/folders/dv/dr6sg3sn6h16c2xkmjp_82bh0000gn/T/arduino/cores/arduino_sam_arduino_due_x_dbg_9c115d449f9823a058219a2ab3ee947d/core.a(CDC.cpp.o)
                0x00000000000819c4                Serial_::write(unsigned char)
 *fill*         0x00000000000819da        0x2 
 .text._ZN7Serial_4readEv
                0x00000000000819dc       0x44 /Users/iyongbin/Repository/linebot/ArduinoOutput/../../../../../private/var/folders/dv/dr6sg3sn6h16c2xkmjp_82bh0000gn/T/arduino/cores/arduino_sam_arduino_due_x_dbg_9c115d449f9823a058219a2ab3ee947d/core.a(CDC.cpp.o)
                0x00000000000819dc                Serial_::read()
 .text._ZN7Serial_5flushEv
                0x0000000000081a20        0x6 /Users/iyongbin/Repository/linebot/ArduinoOutput/../../../../../private/var/folders/dv/dr6sg3sn6h16c2xkmjp_82bh0000gn/T/arduino/cores/arduino_sam_arduino_due_x_dbg_9c115d449f9823a058219a2ab3ee947d/core.a(CDC.cpp.o)
                0x0000000000081a20                Serial_::flush()
 *fill*         0x0000000000081a26        0x2 
 .text._ZN7Serial_6acceptEv
                0x0000000000081a28       0x70 /Users/iyongbin/Repository/linebot/ArduinoOutput/../../../../../private/var/folders/dv/dr6sg3sn6h16c2xkmjp_82bh0000gn/T/arduino/cores/arduino_sam_arduino_due_x_dbg_9c115d449f9823a058219a2ab3ee947d/core.a(CDC.cpp.o)
                0x0000000000081a28                Serial_::accept()
 .text._ZN7Serial_5writeEPKhj
                0x0000000000081a98       0x2c /Users/iyongbin/Repository/linebot/ArduinoOutput/../../../../../private/var/folders/dv/dr6sg3sn6h16c2xkmjp_82bh0000gn/T/arduino/cores/arduino_sam_arduino_due_x_dbg_9c115d449f9823a058219a2ab3ee947d/core.a(CDC.cpp.o)
                0x0000000000081a98                Serial_::write(unsigned char const*, unsigned int)
 .text._Z16CDC_GetInterfacePh
                0x0000000000081ac4       0x14 /Users/iyongbin/Repository/linebot/ArduinoOutput/../../../../../private/var/folders/dv/dr6sg3sn6h16c2xkmjp_82bh0000gn/T/arduino/cores/arduino_sam_arduino_due_x_dbg_9c115d449f9823a058219a2ab3ee947d/core.a(CDC.cpp.o)
                0x0000000000081ac4                CDC_GetInterface(unsigned char*)
 .text._Z21CDC_GetOtherInterfacePh
                0x0000000000081ad8       0x14 /Users/iyongbin/Repository/linebot/ArduinoOutput/../../../../../private/var/folders/dv/dr6sg3sn6h16c2xkmjp_82bh0000gn/T/arduino/cores/arduino_sam_arduino_due_x_dbg_9c115d449f9823a058219a2ab3ee947d/core.a(CDC.cpp.o)
                0x0000000000081ad8                CDC_GetOtherInterface(unsigned char*)
 .text._Z9CDC_SetupR8USBSetup
                0x0000000000081aec       0x78 /Users/iyongbin/Repository/linebot/ArduinoOutput/../../../../../private/var/folders/dv/dr6sg3sn6h16c2xkmjp_82bh0000gn/T/arduino/cores/arduino_sam_arduino_due_x_dbg_9c115d449f9823a058219a2ab3ee947d/core.a(CDC.cpp.o)
                0x0000000000081aec                CDC_Setup(USBSetup&)
 .text.startup._GLOBAL__sub_I_cdc_rx_buffer
                0x0000000000081b64       0x1c /Users/iyongbin/Repository/linebot/ArduinoOutput/../../../../../private/var/folders/dv/dr6sg3sn6h16c2xkmjp_82bh0000gn/T/arduino/cores/arduino_sam_arduino_due_x_dbg_9c115d449f9823a058219a2ab3ee947d/core.a(CDC.cpp.o)
 .text._ZN13PluggableUSB_12getInterfaceEPh
                0x0000000000081b80       0x28 /Users/iyongbin/Repository/linebot/ArduinoOutput/../../../../../private/var/folders/dv/dr6sg3sn6h16c2xkmjp_82bh0000gn/T/arduino/cores/arduino_sam_arduino_due_x_dbg_9c115d449f9823a058219a2ab3ee947d/core.a(PluggableUSB.cpp.o)
                0x0000000000081b80                PluggableUSB_::getInterface(unsigned char*)
 .text._ZN13PluggableUSB_13getDescriptorER8USBSetup
                0x0000000000081ba8       0x1c /Users/iyongbin/Repository/linebot/ArduinoOutput/../../../../../private/var/folders/dv/dr6sg3sn6h16c2xkmjp_82bh0000gn/T/arduino/cores/arduino_sam_arduino_due_x_dbg_9c115d449f9823a058219a2ab3ee947d/core.a(PluggableUSB.cpp.o)
                0x0000000000081ba8                PluggableUSB_::getDescriptor(USBSetup&)
 .text._ZN13PluggableUSB_12getShortNameEPc
                0x0000000000081bc4       0x1c /Users/iyongbin/Repository/linebot/ArduinoOutput/../../../../../private/var/folders/dv/dr6sg3sn6h16c2xkmjp_82bh0000gn/T/arduino/cores/arduino_sam_arduino_due_x_dbg_9c115d449f9823a058219a2ab3ee947d/core.a(PluggableUSB.cpp.o)
                0x0000000000081bc4                PluggableUSB_::getShortName(char*)
 .text._ZN13PluggableUSB_5setupER8USBSetup
                0x0000000000081be0       0x20 /Users/iyongbin/Repository/linebot/ArduinoOutput/../../../../../private/var/folders/dv/dr6sg3sn6h16c2xkmjp_82bh0000gn/T/arduino/cores/arduino_sam_arduino_due_x_dbg_9c115d449f9823a058219a2ab3ee947d/core.a(PluggableUSB.cpp.o)
                0x0000000000081be0                PluggableUSB_::setup(USBSetup&)
 .text._Z12PluggableUSBv
                0x0000000000081c00       0x28 /Users/iyongbin/Repository/linebot/ArduinoOutput/../../../../../private/var/folders/dv/dr6sg3sn6h16c2xkmjp_82bh0000gn/T/arduino/cores/arduino_sam_arduino_due_x_dbg_9c115d449f9823a058219a2ab3ee947d/core.a(PluggableUSB.cpp.o)
                0x0000000000081c00                PluggableUSB()
 .text.FindClockConfiguration
                0x0000000000081c28       0x7c /Users/iyongbin/Library/Arduino15/packages/arduino/hardware/sam/1.6.12/variants/arduino_due_x/libsam_sam3x8e_gcc_rel.a(pwmc.o)
 .text.PWMC_ConfigureChannel
                0x0000000000081ca4       0x60 /Users/iyongbin/Library/Arduino15/packages/arduino/hardware/sam/1.6.12/variants/arduino_due_x/libsam_sam3x8e_gcc_rel.a(pwmc.o)
                0x0000000000081ca4                PWMC_ConfigureChannel
 .text.PWMC_ConfigureClocks
                0x0000000000081d04       0x54 /Users/iyongbin/Library/Arduino15/packages/arduino/hardware/sam/1.6.12/variants/arduino_due_x/libsam_sam3x8e_gcc_rel.a(pwmc.o)
                0x0000000000081d04                PWMC_ConfigureClocks
 .text.PWMC_SetPeriod
                0x0000000000081d58       0x1a /Users/iyongbin/Library/Arduino15/packages/arduino/hardware/sam/1.6.12/variants/arduino_due_x/libsam_sam3x8e_gcc_rel.a(pwmc.o)
                0x0000000000081d58                PWMC_SetPeriod
 *fill*         0x0000000000081d72        0x2 
 .text.PWMC_SetDutyCycle
                0x0000000000081d74       0x44 /Users/iyongbin/Library/Arduino15/packages/arduino/hardware/sam/1.6.12/variants/arduino_due_x/libsam_sam3x8e_gcc_rel.a(pwmc.o)
                0x0000000000081d74                PWMC_SetDutyCycle
 .text.PWMC_EnableChannel
                0x0000000000081db8        0xa /Users/iyongbin/Library/Arduino15/packages/arduino/hardware/sam/1.6.12/variants/arduino_due_x/libsam_sam3x8e_gcc_rel.a(pwmc.o)
                0x0000000000081db8                PWMC_EnableChannel
 *fill*         0x0000000000081dc2        0x2 
 .text.TC_Configure
                0x0000000000081dc4       0x38 /Users/iyongbin/Library/Arduino15/packages/arduino/hardware/sam/1.6.12/variants/arduino_due_x/libsam_sam3x8e_gcc_rel.a(tc.o)
                0x0000000000081dc4                TC_Configure
 .text.TC_Start
                0x0000000000081dfc       0x2c /Users/iyongbin/Library/Arduino15/packages/arduino/hardware/sam/1.6.12/variants/arduino_due_x/libsam_sam3x8e_gcc_rel.a(tc.o)
                0x0000000000081dfc                TC_Start
 .text.TC_SetRA
                0x0000000000081e28        0x8 /Users/iyongbin/Library/Arduino15/packages/arduino/hardware/sam/1.6.12/variants/arduino_due_x/libsam_sam3x8e_gcc_rel.a(tc.o)
                0x0000000000081e28                TC_SetRA
 .text.TC_SetRB
                0x0000000000081e30        0x8 /Users/iyongbin/Library/Arduino15/packages/arduino/hardware/sam/1.6.12/variants/arduino_due_x/libsam_sam3x8e_gcc_rel.a(tc.o)
                0x0000000000081e30                TC_SetRB
 .text.TC_SetRC
                0x0000000000081e38        0x8 /Users/iyongbin/Library/Arduino15/packages/arduino/hardware/sam/1.6.12/variants/arduino_due_x/libsam_sam3x8e_gcc_rel.a(tc.o)
                0x0000000000081e38                TC_SetRC
 .text.TimeTick_Increment
                0x0000000000081e40       0x10 /Users/iyongbin/Library/Arduino15/packages/arduino/hardware/sam/1.6.12/variants/arduino_due_x/libsam_sam3x8e_gcc_rel.a(timetick.o)
                0x0000000000081e40                TimeTick_Increment
 .text.GetTickCount
                0x0000000000081e50        0xc /Users/iyongbin/Library/Arduino15/packages/arduino/hardware/sam/1.6.12/variants/arduino_due_x/libsam_sam3x8e_gcc_rel.a(timetick.o)
                0x0000000000081e50                GetTickCount
 .text.WDT_Disable
                0x0000000000081e5c        0x8 /Users/iyongbin/Library/Arduino15/packages/arduino/hardware/sam/1.6.12/variants/arduino_due_x/libsam_sam3x8e_gcc_rel.a(wdt.o)
                0x0000000000081e5c                WDT_Disable
 .text.UDD_SetStack
                0x0000000000081e64        0xc /Users/iyongbin/Library/Arduino15/packages/arduino/hardware/sam/1.6.12/variants/arduino_due_x/libsam_sam3x8e_gcc_rel.a(uotghs_device.o)
                0x0000000000081e64                UDD_SetStack
 .text.UDD_Init
                0x0000000000081e70       0xd0 /Users/iyongbin/Library/Arduino15/packages/arduino/hardware/sam/1.6.12/variants/arduino_due_x/libsam_sam3x8e_gcc_rel.a(uotghs_device.o)
                0x0000000000081e70                UDD_Init
 .text.UDD_Attach
                0x0000000000081f40       0x50 /Users/iyongbin/Library/Arduino15/packages/arduino/hardware/sam/1.6.12/variants/arduino_due_x/libsam_sam3x8e_gcc_rel.a(uotghs_device.o)
                0x0000000000081f40                UDD_Attach
 .text.UDD_InitEP
                0x0000000000081f90       0x2c /Users/iyongbin/Library/Arduino15/packages/arduino/hardware/sam/1.6.12/variants/arduino_due_x/libsam_sam3x8e_gcc_rel.a(uotghs_device.o)
                0x0000000000081f90                UDD_InitEP
 .text.UDD_InitEndpoints
                0x0000000000081fbc       0x3c /Users/iyongbin/Library/Arduino15/packages/arduino/hardware/sam/1.6.12/variants/arduino_due_x/libsam_sam3x8e_gcc_rel.a(uotghs_device.o)
                0x0000000000081fbc                UDD_InitEndpoints
 .text.UDD_WaitIN
                0x0000000000081ff8       0x10 /Users/iyongbin/Library/Arduino15/packages/arduino/hardware/sam/1.6.12/variants/arduino_due_x/libsam_sam3x8e_gcc_rel.a(uotghs_device.o)
                0x0000000000081ff8                UDD_WaitIN
 .text.UDD_WaitOUT
                0x0000000000082008       0x10 /Users/iyongbin/Library/Arduino15/packages/arduino/hardware/sam/1.6.12/variants/arduino_due_x/libsam_sam3x8e_gcc_rel.a(uotghs_device.o)
                0x0000000000082008                UDD_WaitOUT
 .text.UDD_ClearIN
                0x0000000000082018       0x18 /Users/iyongbin/Library/Arduino15/packages/arduino/hardware/sam/1.6.12/variants/arduino_due_x/libsam_sam3x8e_gcc_rel.a(uotghs_device.o)
                0x0000000000082018                UDD_ClearIN
 .text.UDD_ClearOUT
                0x0000000000082030       0x18 /Users/iyongbin/Library/Arduino15/packages/arduino/hardware/sam/1.6.12/variants/arduino_due_x/libsam_sam3x8e_gcc_rel.a(uotghs_device.o)
                0x0000000000082030                UDD_ClearOUT
 .text.UDD_ReceivedSetupInt
                0x0000000000082048       0x10 /Users/iyongbin/Library/Arduino15/packages/arduino/hardware/sam/1.6.12/variants/arduino_due_x/libsam_sam3x8e_gcc_rel.a(uotghs_device.o)
                0x0000000000082048                UDD_ReceivedSetupInt
 .text.UDD_ClearSetupInt
                0x0000000000082058       0x10 /Users/iyongbin/Library/Arduino15/packages/arduino/hardware/sam/1.6.12/variants/arduino_due_x/libsam_sam3x8e_gcc_rel.a(uotghs_device.o)
                0x0000000000082058                UDD_ClearSetupInt
 .text.UDD_Send
                0x0000000000082068       0x88 /Users/iyongbin/Library/Arduino15/packages/arduino/hardware/sam/1.6.12/variants/arduino_due_x/libsam_sam3x8e_gcc_rel.a(uotghs_device.o)
                0x0000000000082068                UDD_Send
 .text.UDD_Send8
                0x00000000000820f0       0x24 /Users/iyongbin/Library/Arduino15/packages/arduino/hardware/sam/1.6.12/variants/arduino_due_x/libsam_sam3x8e_gcc_rel.a(uotghs_device.o)
                0x00000000000820f0                UDD_Send8
 .text.UDD_Recv8
                0x0000000000082114       0x28 /Users/iyongbin/Library/Arduino15/packages/arduino/hardware/sam/1.6.12/variants/arduino_due_x/libsam_sam3x8e_gcc_rel.a(uotghs_device.o)
                0x0000000000082114                UDD_Recv8
 .text.UDD_Recv
                0x000000000008213c       0x34 /Users/iyongbin/Library/Arduino15/packages/arduino/hardware/sam/1.6.12/variants/arduino_due_x/libsam_sam3x8e_gcc_rel.a(uotghs_device.o)
                0x000000000008213c                UDD_Recv
 .text.UDD_Stall
                0x0000000000082170       0x14 /Users/iyongbin/Library/Arduino15/packages/arduino/hardware/sam/1.6.12/variants/arduino_due_x/libsam_sam3x8e_gcc_rel.a(uotghs_device.o)
                0x0000000000082170                UDD_Stall
 .text.UDD_FifoByteCount
                0x0000000000082184       0x14 /Users/iyongbin/Library/Arduino15/packages/arduino/hardware/sam/1.6.12/variants/arduino_due_x/libsam_sam3x8e_gcc_rel.a(uotghs_device.o)
                0x0000000000082184                UDD_FifoByteCount
 .text.UDD_ReleaseRX
                0x0000000000082198       0x28 /Users/iyongbin/Library/Arduino15/packages/arduino/hardware/sam/1.6.12/variants/arduino_due_x/libsam_sam3x8e_gcc_rel.a(uotghs_device.o)
                0x0000000000082198                UDD_ReleaseRX
 .text.UDD_ReleaseTX
                0x00000000000821c0       0x28 /Users/iyongbin/Library/Arduino15/packages/arduino/hardware/sam/1.6.12/variants/arduino_due_x/libsam_sam3x8e_gcc_rel.a(uotghs_device.o)
                0x00000000000821c0                UDD_ReleaseTX
 .text.UDD_SetAddress
                0x00000000000821e8       0x20 /Users/iyongbin/Library/Arduino15/packages/arduino/hardware/sam/1.6.12/variants/arduino_due_x/libsam_sam3x8e_gcc_rel.a(uotghs_device.o)
                0x00000000000821e8                UDD_SetAddress
 .text.dacc_reset
                0x0000000000082208        0x6 /Users/iyongbin/Library/Arduino15/packages/arduino/hardware/sam/1.6.12/variants/arduino_due_x/libsam_sam3x8e_gcc_rel.a(dacc.o)
                0x0000000000082208                dacc_reset
 .text.dacc_set_transfer_mode
                0x000000000008220e       0x14 /Users/iyongbin/Library/Arduino15/packages/arduino/hardware/sam/1.6.12/variants/arduino_due_x/libsam_sam3x8e_gcc_rel.a(dacc.o)
                0x000000000008220e                dacc_set_transfer_mode
 .text.dacc_get_interrupt_status
                0x0000000000082222        0x4 /Users/iyongbin/Library/Arduino15/packages/arduino/hardware/sam/1.6.12/variants/arduino_due_x/libsam_sam3x8e_gcc_rel.a(dacc.o)
                0x0000000000082222                dacc_get_interrupt_status
 .text.dacc_write_conversion_data
                0x0000000000082226        0x4 /Users/iyongbin/Library/Arduino15/packages/arduino/hardware/sam/1.6.12/variants/arduino_due_x/libsam_sam3x8e_gcc_rel.a(dacc.o)
                0x0000000000082226                dacc_write_conversion_data
 .text.dacc_set_channel_selection
                0x000000000008222a       0x18 /Users/iyongbin/Library/Arduino15/packages/arduino/hardware/sam/1.6.12/variants/arduino_due_x/libsam_sam3x8e_gcc_rel.a(dacc.o)
                0x000000000008222a                dacc_set_channel_selection
 .text.dacc_set_power_save
                0x0000000000082242       0x24 /Users/iyongbin/Library/Arduino15/packages/arduino/hardware/sam/1.6.12/variants/arduino_due_x/libsam_sam3x8e_gcc_rel.a(dacc.o)
                0x0000000000082242                dacc_set_power_save
 .text.dacc_set_timing
                0x0000000000082266       0x2c /Users/iyongbin/Library/Arduino15/packages/arduino/hardware/sam/1.6.12/variants/arduino_due_x/libsam_sam3x8e_gcc_rel.a(dacc.o)
                0x0000000000082266                dacc_set_timing
 .text.dacc_enable_channel
                0x0000000000082292       0x12 /Users/iyongbin/Library/Arduino15/packages/arduino/hardware/sam/1.6.12/variants/arduino_due_x/libsam_sam3x8e_gcc_rel.a(dacc.o)
                0x0000000000082292                dacc_enable_channel
 .text.dacc_get_channel_status
                0x00000000000822a4        0x4 /Users/iyongbin/Library/Arduino15/packages/arduino/hardware/sam/1.6.12/variants/arduino_due_x/libsam_sam3x8e_gcc_rel.a(dacc.o)
                0x00000000000822a4                dacc_get_channel_status
 .text.dacc_set_analog_control
                0x00000000000822a8        0x8 /Users/iyongbin/Library/Arduino15/packages/arduino/hardware/sam/1.6.12/variants/arduino_due_x/libsam_sam3x8e_gcc_rel.a(dacc.o)
                0x00000000000822a8                dacc_set_analog_control
 .text.__assert_func
                0x00000000000822b0       0x3c /Users/iyongbin/Library/Arduino15/packages/arduino/tools/arm-none-eabi-gcc/4.8.3-2014q1/bin/../lib/gcc/arm-none-eabi/4.8.3/../../../../arm-none-eabi/lib/armv7-m/libc.a(lib_a-assert.o)
                0x00000000000822b0                __assert_func
 .text.fiprintf
                0x00000000000822ec       0x28 /Users/iyongbin/Library/Arduino15/packages/arduino/tools/arm-none-eabi-gcc/4.8.3-2014q1/bin/../lib/gcc/arm-none-eabi/4.8.3/../../../../arm-none-eabi/lib/armv7-m/libc.a(lib_a-fiprintf.o)
                0x00000000000822ec                fiprintf
 .text.__libc_init_array
                0x0000000000082314       0x50 /Users/iyongbin/Library/Arduino15/packages/arduino/tools/arm-none-eabi-gcc/4.8.3-2014q1/bin/../lib/gcc/arm-none-eabi/4.8.3/../../../../arm-none-eabi/lib/armv7-m/libc.a(lib_a-init.o)
                0x0000000000082314                __libc_init_array
 .text.memset   0x0000000000082364       0x94 /Users/iyongbin/Library/Arduino15/packages/arduino/tools/arm-none-eabi-gcc/4.8.3-2014q1/bin/../lib/gcc/arm-none-eabi/4.8.3/../../../../arm-none-eabi/lib/armv7-m/libc.a(lib_a-memset.o)
                0x0000000000082364                memset
 .text.strlen   0x00000000000823f8       0x60 /Users/iyongbin/Library/Arduino15/packages/arduino/tools/arm-none-eabi-gcc/4.8.3-2014q1/bin/../lib/gcc/arm-none-eabi/4.8.3/../../../../arm-none-eabi/lib/armv7-m/libc.a(lib_a-strlen.o)
                0x00000000000823f8                strlen
 .text.kill     0x0000000000082458       0x10 /Users/iyongbin/Library/Arduino15/packages/arduino/tools/arm-none-eabi-gcc/4.8.3-2014q1/bin/../lib/gcc/arm-none-eabi/4.8.3/../../../../arm-none-eabi/lib/armv7-m/libc.a(lib_a-syskill.o)
                0x0000000000082458                kill
 .text.__sprint_r.part.0
                0x0000000000082468       0x78 /Users/iyongbin/Library/Arduino15/packages/arduino/tools/arm-none-eabi-gcc/4.8.3-2014q1/bin/../lib/gcc/arm-none-eabi/4.8.3/../../../../arm-none-eabi/lib/armv7-m/libc.a(lib_a-vfiprintf.o)
 .text._vfiprintf_r
                0x00000000000824e0      0xc54 /Users/iyongbin/Library/Arduino15/packages/arduino/tools/arm-none-eabi-gcc/4.8.3-2014q1/bin/../lib/gcc/arm-none-eabi/4.8.3/../../../../arm-none-eabi/lib/armv7-m/libc.a(lib_a-vfiprintf.o)
                0x00000000000824e0                _vfiprintf_r
 .text.__sbprintf
                0x0000000000083134       0x7c /Users/iyongbin/Library/Arduino15/packages/arduino/tools/arm-none-eabi-gcc/4.8.3-2014q1/bin/../lib/gcc/arm-none-eabi/4.8.3/../../../../arm-none-eabi/lib/armv7-m/libc.a(lib_a-vfiprintf.o)
 .text.__swsetup_r
                0x00000000000831b0       0xc4 /Users/iyongbin/Library/Arduino15/packages/arduino/tools/arm-none-eabi-gcc/4.8.3-2014q1/bin/../lib/gcc/arm-none-eabi/4.8.3/../../../../arm-none-eabi/lib/armv7-m/libc.a(lib_a-wsetup.o)
                0x00000000000831b0                __swsetup_r
 .text.startup.register_fini
                0x0000000000083274       0x14 /Users/iyongbin/Library/Arduino15/packages/arduino/tools/arm-none-eabi-gcc/4.8.3-2014q1/bin/../lib/gcc/arm-none-eabi/4.8.3/../../../../arm-none-eabi/lib/armv7-m/libc.a(lib_a-__call_atexit.o)
 .text.abort    0x0000000000083288       0x10 /Users/iyongbin/Library/Arduino15/packages/arduino/tools/arm-none-eabi-gcc/4.8.3-2014q1/bin/../lib/gcc/arm-none-eabi/4.8.3/../../../../arm-none-eabi/lib/armv7-m/libc.a(lib_a-abort.o)
                0x0000000000083288                abort
 .text.atexit   0x0000000000083298        0xc /Users/iyongbin/Library/Arduino15/packages/arduino/tools/arm-none-eabi-gcc/4.8.3-2014q1/bin/../lib/gcc/arm-none-eabi/4.8.3/../../../../arm-none-eabi/lib/armv7-m/libc.a(lib_a-atexit.o)
                0x0000000000083298                atexit
 .text.__sflush_r
                0x00000000000832a4      0x148 /Users/iyongbin/Library/Arduino15/packages/arduino/tools/arm-none-eabi-gcc/4.8.3-2014q1/bin/../lib/gcc/arm-none-eabi/4.8.3/../../../../arm-none-eabi/lib/armv7-m/libc.a(lib_a-fflush.o)
                0x00000000000832a4                __sflush_r
 .text._fflush_r
                0x00000000000833ec       0x2c /Users/iyongbin/Library/Arduino15/packages/arduino/tools/arm-none-eabi-gcc/4.8.3-2014q1/bin/../lib/gcc/arm-none-eabi/4.8.3/../../../../arm-none-eabi/lib/armv7-m/libc.a(lib_a-fflush.o)
                0x00000000000833ec                _fflush_r
 .text._cleanup_r
                0x0000000000083418        0xc /Users/iyongbin/Library/Arduino15/packages/arduino/tools/arm-none-eabi-gcc/4.8.3-2014q1/bin/../lib/gcc/arm-none-eabi/4.8.3/../../../../arm-none-eabi/lib/armv7-m/libc.a(lib_a-findfp.o)
                0x0000000000083418                _cleanup_r
 .text.__sinit  0x0000000000083424       0xf4 /Users/iyongbin/Library/Arduino15/packages/arduino/tools/arm-none-eabi-gcc/4.8.3-2014q1/bin/../lib/gcc/arm-none-eabi/4.8.3/../../../../arm-none-eabi/lib/armv7-m/libc.a(lib_a-findfp.o)
                0x0000000000083424                __sinit
 .text.__sfp_lock_acquire
                0x0000000000083518        0x4 /Users/iyongbin/Library/Arduino15/packages/arduino/tools/arm-none-eabi-gcc/4.8.3-2014q1/bin/../lib/gcc/arm-none-eabi/4.8.3/../../../../arm-none-eabi/lib/armv7-m/libc.a(lib_a-findfp.o)
                0x0000000000083518                __sfp_lock_acquire
 .text.__sfp_lock_release
                0x000000000008351c        0x4 /Users/iyongbin/Library/Arduino15/packages/arduino/tools/arm-none-eabi-gcc/4.8.3-2014q1/bin/../lib/gcc/arm-none-eabi/4.8.3/../../../../arm-none-eabi/lib/armv7-m/libc.a(lib_a-findfp.o)
                0x000000000008351c                __sfp_lock_release
 .text.__libc_fini_array
                0x0000000000083520       0x30 /Users/iyongbin/Library/Arduino15/packages/arduino/tools/arm-none-eabi-gcc/4.8.3-2014q1/bin/../lib/gcc/arm-none-eabi/4.8.3/../../../../arm-none-eabi/lib/armv7-m/libc.a(lib_a-fini.o)
                0x0000000000083520                __libc_fini_array
 .text._fputwc_r
                0x0000000000083550       0xc0 /Users/iyongbin/Library/Arduino15/packages/arduino/tools/arm-none-eabi-gcc/4.8.3-2014q1/bin/../lib/gcc/arm-none-eabi/4.8.3/../../../../arm-none-eabi/lib/armv7-m/libc.a(lib_a-fputwc.o)
                0x0000000000083550                _fputwc_r
 .text._malloc_trim_r
                0x0000000000083610       0x9c /Users/iyongbin/Library/Arduino15/packages/arduino/tools/arm-none-eabi-gcc/4.8.3-2014q1/bin/../lib/gcc/arm-none-eabi/4.8.3/../../../../arm-none-eabi/lib/armv7-m/libc.a(lib_a-freer.o)
                0x0000000000083610                _malloc_trim_r
 .text._free_r  0x00000000000836ac      0x198 /Users/iyongbin/Library/Arduino15/packages/arduino/tools/arm-none-eabi-gcc/4.8.3-2014q1/bin/../lib/gcc/arm-none-eabi/4.8.3/../../../../arm-none-eabi/lib/armv7-m/libc.a(lib_a-freer.o)
                0x00000000000836ac                _free_r
 .text.__sfvwrite_r
                0x0000000000083844      0x314 /Users/iyongbin/Library/Arduino15/packages/arduino/tools/arm-none-eabi-gcc/4.8.3-2014q1/bin/../lib/gcc/arm-none-eabi/4.8.3/../../../../arm-none-eabi/lib/armv7-m/libc.a(lib_a-fvwrite.o)
                0x0000000000083844                __sfvwrite_r
 .text._fwalk   0x0000000000083b58       0x48 /Users/iyongbin/Library/Arduino15/packages/arduino/tools/arm-none-eabi-gcc/4.8.3-2014q1/bin/../lib/gcc/arm-none-eabi/4.8.3/../../../../arm-none-eabi/lib/armv7-m/libc.a(lib_a-fwalk.o)
                0x0000000000083b58                _fwalk
 .text.__locale_charset
                0x0000000000083ba0        0x8 /Users/iyongbin/Library/Arduino15/packages/arduino/tools/arm-none-eabi-gcc/4.8.3-2014q1/bin/../lib/gcc/arm-none-eabi/4.8.3/../../../../arm-none-eabi/lib/armv7-m/libc.a(lib_a-locale.o)
                0x0000000000083ba0                __locale_charset
 .text.__locale_mb_cur_max
                0x0000000000083ba8        0xc /Users/iyongbin/Library/Arduino15/packages/arduino/tools/arm-none-eabi-gcc/4.8.3-2014q1/bin/../lib/gcc/arm-none-eabi/4.8.3/../../../../arm-none-eabi/lib/armv7-m/libc.a(lib_a-locale.o)
                0x0000000000083ba8                __locale_mb_cur_max
 .text.__smakebuf_r
                0x0000000000083bb4       0xe0 /Users/iyongbin/Library/Arduino15/packages/arduino/tools/arm-none-eabi-gcc/4.8.3-2014q1/bin/../lib/gcc/arm-none-eabi/4.8.3/../../../../arm-none-eabi/lib/armv7-m/libc.a(lib_a-makebuf.o)
                0x0000000000083bb4                __smakebuf_r
 .text._malloc_r
                0x0000000000083c94      0x538 /Users/iyongbin/Library/Arduino15/packages/arduino/tools/arm-none-eabi-gcc/4.8.3-2014q1/bin/../lib/gcc/arm-none-eabi/4.8.3/../../../../arm-none-eabi/lib/armv7-m/libc.a(lib_a-mallocr.o)
                0x0000000000083c94                _malloc_r
 .text.memchr   0x00000000000841cc       0x94 /Users/iyongbin/Library/Arduino15/packages/arduino/tools/arm-none-eabi-gcc/4.8.3-2014q1/bin/../lib/gcc/arm-none-eabi/4.8.3/../../../../arm-none-eabi/lib/armv7-m/libc.a(lib_a-memchr-stub.o)
                0x00000000000841cc                memchr
 .text          0x0000000000084260       0xec /Users/iyongbin/Library/Arduino15/packages/arduino/tools/arm-none-eabi-gcc/4.8.3-2014q1/bin/../lib/gcc/arm-none-eabi/4.8.3/../../../../arm-none-eabi/lib/armv7-m/libc.a(lib_a-memcpy.o)
                0x0000000000084260                memcpy
 .text.memmove  0x000000000008434c       0xcc /Users/iyongbin/Library/Arduino15/packages/arduino/tools/arm-none-eabi-gcc/4.8.3-2014q1/bin/../lib/gcc/arm-none-eabi/4.8.3/../../../../arm-none-eabi/lib/armv7-m/libc.a(lib_a-memmove.o)
                0x000000000008434c                memmove
 .text.__malloc_lock
                0x0000000000084418        0x4 /Users/iyongbin/Library/Arduino15/packages/arduino/tools/arm-none-eabi-gcc/4.8.3-2014q1/bin/../lib/gcc/arm-none-eabi/4.8.3/../../../../arm-none-eabi/lib/armv7-m/libc.a(lib_a-mlock.o)
                0x0000000000084418                __malloc_lock
 .text.__malloc_unlock
                0x000000000008441c        0x4 /Users/iyongbin/Library/Arduino15/packages/arduino/tools/arm-none-eabi-gcc/4.8.3-2014q1/bin/../lib/gcc/arm-none-eabi/4.8.3/../../../../arm-none-eabi/lib/armv7-m/libc.a(lib_a-mlock.o)
                0x000000000008441c                __malloc_unlock
 .text._realloc_r
                0x0000000000084420      0x3c0 /Users/iyongbin/Library/Arduino15/packages/arduino/tools/arm-none-eabi-gcc/4.8.3-2014q1/bin/../lib/gcc/arm-none-eabi/4.8.3/../../../../arm-none-eabi/lib/armv7-m/libc.a(lib_a-reallocr.o)
                0x0000000000084420                _realloc_r
 .text._sbrk_r  0x00000000000847e0       0x24 /Users/iyongbin/Library/Arduino15/packages/arduino/tools/arm-none-eabi-gcc/4.8.3-2014q1/bin/../lib/gcc/arm-none-eabi/4.8.3/../../../../arm-none-eabi/lib/armv7-m/libc.a(lib_a-sbrkr.o)
                0x00000000000847e0                _sbrk_r
 .text._raise_r
                0x0000000000084804       0x58 /Users/iyongbin/Library/Arduino15/packages/arduino/tools/arm-none-eabi-gcc/4.8.3-2014q1/bin/../lib/gcc/arm-none-eabi/4.8.3/../../../../arm-none-eabi/lib/armv7-m/libc.a(lib_a-signal.o)
                0x0000000000084804                _raise_r
 .text.raise    0x000000000008485c       0x10 /Users/iyongbin/Library/Arduino15/packages/arduino/tools/arm-none-eabi-gcc/4.8.3-2014q1/bin/../lib/gcc/arm-none-eabi/4.8.3/../../../../arm-none-eabi/lib/armv7-m/libc.a(lib_a-signal.o)
                0x000000000008485c                raise
 .text._kill_r  0x000000000008486c       0x28 /Users/iyongbin/Library/Arduino15/packages/arduino/tools/arm-none-eabi-gcc/4.8.3-2014q1/bin/../lib/gcc/arm-none-eabi/4.8.3/../../../../arm-none-eabi/lib/armv7-m/libc.a(lib_a-signalr.o)
                0x000000000008486c                _kill_r
 .text._getpid_r
                0x0000000000084894        0x4 /Users/iyongbin/Library/Arduino15/packages/arduino/tools/arm-none-eabi-gcc/4.8.3-2014q1/bin/../lib/gcc/arm-none-eabi/4.8.3/../../../../arm-none-eabi/lib/armv7-m/libc.a(lib_a-signalr.o)
                0x0000000000084894                _getpid_r
 .text.__sread  0x0000000000084898       0x24 /Users/iyongbin/Library/Arduino15/packages/arduino/tools/arm-none-eabi-gcc/4.8.3-2014q1/bin/../lib/gcc/arm-none-eabi/4.8.3/../../../../arm-none-eabi/lib/armv7-m/libc.a(lib_a-stdio.o)
                0x0000000000084898                __sread
 .text.__swrite
                0x00000000000848bc       0x38 /Users/iyongbin/Library/Arduino15/packages/arduino/tools/arm-none-eabi-gcc/4.8.3-2014q1/bin/../lib/gcc/arm-none-eabi/4.8.3/../../../../arm-none-eabi/lib/armv7-m/libc.a(lib_a-stdio.o)
                0x00000000000848bc                __swrite
 .text.__sseek  0x00000000000848f4       0x20 /Users/iyongbin/Library/Arduino15/packages/arduino/tools/arm-none-eabi-gcc/4.8.3-2014q1/bin/../lib/gcc/arm-none-eabi/4.8.3/../../../../arm-none-eabi/lib/armv7-m/libc.a(lib_a-stdio.o)
                0x00000000000848f4                __sseek
 .text.__sclose
                0x0000000000084914        0x8 /Users/iyongbin/Library/Arduino15/packages/arduino/tools/arm-none-eabi-gcc/4.8.3-2014q1/bin/../lib/gcc/arm-none-eabi/4.8.3/../../../../arm-none-eabi/lib/armv7-m/libc.a(lib_a-stdio.o)
                0x0000000000084914                __sclose
 .text.__swbuf_r
                0x000000000008491c       0xa8 /Users/iyongbin/Library/Arduino15/packages/arduino/tools/arm-none-eabi-gcc/4.8.3-2014q1/bin/../lib/gcc/arm-none-eabi/4.8.3/../../../../arm-none-eabi/lib/armv7-m/libc.a(lib_a-wbuf.o)
                0x000000000008491c                __swbuf_r
 .text._wcrtomb_r
                0x00000000000849c4       0x50 /Users/iyongbin/Library/Arduino15/packages/arduino/tools/arm-none-eabi-gcc/4.8.3-2014q1/bin/../lib/gcc/arm-none-eabi/4.8.3/../../../../arm-none-eabi/lib/armv7-m/libc.a(lib_a-wcrtomb.o)
                0x00000000000849c4                _wcrtomb_r
 .text.__ascii_wctomb
                0x0000000000084a14       0x1c /Users/iyongbin/Library/Arduino15/packages/arduino/tools/arm-none-eabi-gcc/4.8.3-2014q1/bin/../lib/gcc/arm-none-eabi/4.8.3/../../../../arm-none-eabi/lib/armv7-m/libc.a(lib_a-wctomb_r.o)
                0x0000000000084a14                __ascii_wctomb
 .text._write_r
                0x0000000000084a30       0x28 /Users/iyongbin/Library/Arduino15/packages/arduino/tools/arm-none-eabi-gcc/4.8.3-2014q1/bin/../lib/gcc/arm-none-eabi/4.8.3/../../../../arm-none-eabi/lib/armv7-m/libc.a(lib_a-writer.o)
                0x0000000000084a30                _write_r
 .text.__register_exitproc
                0x0000000000084a58       0xa8 /Users/iyongbin/Library/Arduino15/packages/arduino/tools/arm-none-eabi-gcc/4.8.3-2014q1/bin/../lib/gcc/arm-none-eabi/4.8.3/../../../../arm-none-eabi/lib/armv7-m/libc.a(lib_a-__atexit.o)
                0x0000000000084a58                __register_exitproc
 .text._close_r
                0x0000000000084b00       0x24 /Users/iyongbin/Library/Arduino15/packages/arduino/tools/arm-none-eabi-gcc/4.8.3-2014q1/bin/../lib/gcc/arm-none-eabi/4.8.3/../../../../arm-none-eabi/lib/armv7-m/libc.a(lib_a-closer.o)
                0x0000000000084b00                _close_r
 .text._fclose_r
                0x0000000000084b24       0x80 /Users/iyongbin/Library/Arduino15/packages/arduino/tools/arm-none-eabi-gcc/4.8.3-2014q1/bin/../lib/gcc/arm-none-eabi/4.8.3/../../../../arm-none-eabi/lib/armv7-m/libc.a(lib_a-fclose.o)
                0x0000000000084b24                _fclose_r
 .text.fclose   0x0000000000084ba4       0x10 /Users/iyongbin/Library/Arduino15/packages/arduino/tools/arm-none-eabi-gcc/4.8.3-2014q1/bin/../lib/gcc/arm-none-eabi/4.8.3/../../../../arm-none-eabi/lib/armv7-m/libc.a(lib_a-fclose.o)
                0x0000000000084ba4                fclose
 .text._fstat_r
                0x0000000000084bb4       0x28 /Users/iyongbin/Library/Arduino15/packages/arduino/tools/arm-none-eabi-gcc/4.8.3-2014q1/bin/../lib/gcc/arm-none-eabi/4.8.3/../../../../arm-none-eabi/lib/armv7-m/libc.a(lib_a-fstatr.o)
                0x0000000000084bb4                _fstat_r
 .text._isatty_r
                0x0000000000084bdc       0x24 /Users/iyongbin/Library/Arduino15/packages/arduino/tools/arm-none-eabi-gcc/4.8.3-2014q1/bin/../lib/gcc/arm-none-eabi/4.8.3/../../../../arm-none-eabi/lib/armv7-m/libc.a(lib_a-isattyr.o)
                0x0000000000084bdc                _isatty_r
 .text._lseek_r
                0x0000000000084c00       0x28 /Users/iyongbin/Library/Arduino15/packages/arduino/tools/arm-none-eabi-gcc/4.8.3-2014q1/bin/../lib/gcc/arm-none-eabi/4.8.3/../../../../arm-none-eabi/lib/armv7-m/libc.a(lib_a-lseekr.o)
                0x0000000000084c00                _lseek_r
 .text._read_r  0x0000000000084c28       0x28 /Users/iyongbin/Library/Arduino15/packages/arduino/tools/arm-none-eabi-gcc/4.8.3-2014q1/bin/../lib/gcc/arm-none-eabi/4.8.3/../../../../arm-none-eabi/lib/armv7-m/libc.a(lib_a-readr.o)
                0x0000000000084c28                _read_r
 .text          0x0000000000084c50       0x2c /Users/iyongbin/Library/Arduino15/packages/arduino/tools/arm-none-eabi-gcc/4.8.3-2014q1/bin/../lib/gcc/arm-none-eabi/4.8.3/armv7-m/libgcc.a(_aeabi_uldivmod.o)
                0x0000000000084c50                __aeabi_uldivmod
 .text          0x0000000000084c7c       0x60 /Users/iyongbin/Library/Arduino15/packages/arduino/tools/arm-none-eabi-gcc/4.8.3-2014q1/bin/../lib/gcc/arm-none-eabi/4.8.3/armv7-m/libgcc.a(bpabi.o)
                0x0000000000084c7c                __gnu_ldivmod_helper
                0x0000000000084cac                __gnu_uldivmod_helper
 .text          0x0000000000084cdc        0x4 /Users/iyongbin/Library/Arduino15/packages/arduino/tools/arm-none-eabi-gcc/4.8.3-2014q1/bin/../lib/gcc/arm-none-eabi/4.8.3/armv7-m/libgcc.a(_dvmd_tls.o)
                0x0000000000084cdc                __aeabi_ldiv0
                0x0000000000084cdc                __aeabi_idiv0
 .text          0x0000000000084ce0      0x2a0 /Users/iyongbin/Library/Arduino15/packages/arduino/tools/arm-none-eabi-gcc/4.8.3-2014q1/bin/../lib/gcc/arm-none-eabi/4.8.3/armv7-m/libgcc.a(_divdi3.o)
                0x0000000000084ce0                __divdi3
 .text          0x0000000000084f80      0x290 /Users/iyongbin/Library/Arduino15/packages/arduino/tools/arm-none-eabi-gcc/4.8.3-2014q1/bin/../lib/gcc/arm-none-eabi/4.8.3/armv7-m/libgcc.a(_udivdi3.o)
                0x0000000000084f80                __udivdi3
 *(.glue_7t)
 .glue_7t       0x0000000000000000        0x0 linker stubs
 *(.glue_7)
 .glue_7        0x0000000000000000        0x0 linker stubs
 *(.rodata .rodata* .gnu.linkonce.r.*)
 .rodata.str1.1
                0x0000000000085210       0x32 /Users/iyongbin/Repository/linebot/ArduinoOutput/sketch/motor.ino.cpp.o
 *fill*         0x0000000000085242        0x2 
 .rodata.g_APinDescription
                0x0000000000085244      0xa2c /Users/iyongbin/Repository/linebot/ArduinoOutput/core/variant.cpp.o
                0x0000000000085244                g_APinDescription
 .rodata        0x0000000000085c70       0x40 /Users/iyongbin/Library/Arduino15/packages/arduino/hardware/sam/1.6.12/variants/arduino_due_x/libsam_sam3x8e_gcc_rel.a(adc.o)
 .rodata.str1.1
                0x0000000000085cb0        0xf /Users/iyongbin/Repository/linebot/ArduinoOutput/../../../../../private/var/folders/dv/dr6sg3sn6h16c2xkmjp_82bh0000gn/T/arduino/cores/arduino_sam_arduino_due_x_dbg_9c115d449f9823a058219a2ab3ee947d/core.a(Print.cpp.o)
 *fill*         0x0000000000085cbf        0x1 
 .rodata._ZTV9UARTClass
                0x0000000000085cc0       0x30 /Users/iyongbin/Repository/linebot/ArduinoOutput/../../../../../private/var/folders/dv/dr6sg3sn6h16c2xkmjp_82bh0000gn/T/arduino/cores/arduino_sam_arduino_due_x_dbg_9c115d449f9823a058219a2ab3ee947d/core.a(UARTClass.cpp.o)
                0x0000000000085cc0                vtable for UARTClass
 .rodata._ZTV10USARTClass
                0x0000000000085cf0       0x30 /Users/iyongbin/Repository/linebot/ArduinoOutput/../../../../../private/var/folders/dv/dr6sg3sn6h16c2xkmjp_82bh0000gn/T/arduino/cores/arduino_sam_arduino_due_x_dbg_9c115d449f9823a058219a2ab3ee947d/core.a(USARTClass.cpp.o)
                0x0000000000085cf0                vtable for USARTClass
 .rodata.channelToId.9433
                0x0000000000085d20       0x48 /Users/iyongbin/Repository/linebot/ArduinoOutput/../../../../../private/var/folders/dv/dr6sg3sn6h16c2xkmjp_82bh0000gn/T/arduino/cores/arduino_sam_arduino_due_x_dbg_9c115d449f9823a058219a2ab3ee947d/core.a(wiring_analog.c.o)
 .rodata.channelToTC.9432
                0x0000000000085d68       0x48 /Users/iyongbin/Repository/linebot/ArduinoOutput/../../../../../private/var/folders/dv/dr6sg3sn6h16c2xkmjp_82bh0000gn/T/arduino/cores/arduino_sam_arduino_due_x_dbg_9c115d449f9823a058219a2ab3ee947d/core.a(wiring_analog.c.o)
 .rodata.channelToChNo.9430
                0x0000000000085db0       0x48 /Users/iyongbin/Repository/linebot/ArduinoOutput/../../../../../private/var/folders/dv/dr6sg3sn6h16c2xkmjp_82bh0000gn/T/arduino/cores/arduino_sam_arduino_due_x_dbg_9c115d449f9823a058219a2ab3ee947d/core.a(wiring_analog.c.o)
 .rodata.channelToAB.9431
                0x0000000000085df8       0x48 /Users/iyongbin/Repository/linebot/ArduinoOutput/../../../../../private/var/folders/dv/dr6sg3sn6h16c2xkmjp_82bh0000gn/T/arduino/cores/arduino_sam_arduino_due_x_dbg_9c115d449f9823a058219a2ab3ee947d/core.a(wiring_analog.c.o)
 .rodata.STRING_PRODUCT
                0x0000000000085e40        0xc /Users/iyongbin/Repository/linebot/ArduinoOutput/../../../../../private/var/folders/dv/dr6sg3sn6h16c2xkmjp_82bh0000gn/T/arduino/cores/arduino_sam_arduino_due_x_dbg_9c115d449f9823a058219a2ab3ee947d/core.a(USBCore.cpp.o)
                0x0000000000085e40                STRING_PRODUCT
 .rodata.USB_DeviceDescriptor
                0x0000000000085e4c       0x12 /Users/iyongbin/Repository/linebot/ArduinoOutput/../../../../../private/var/folders/dv/dr6sg3sn6h16c2xkmjp_82bh0000gn/T/arduino/cores/arduino_sam_arduino_due_x_dbg_9c115d449f9823a058219a2ab3ee947d/core.a(USBCore.cpp.o)
                0x0000000000085e4c                USB_DeviceDescriptor
 .rodata.STRING_LANGUAGE
                0x0000000000085e5e        0x4 /Users/iyongbin/Repository/linebot/ArduinoOutput/../../../../../private/var/folders/dv/dr6sg3sn6h16c2xkmjp_82bh0000gn/T/arduino/cores/arduino_sam_arduino_due_x_dbg_9c115d449f9823a058219a2ab3ee947d/core.a(USBCore.cpp.o)
                0x0000000000085e5e                STRING_LANGUAGE
 .rodata._ZL18test_packet_buffer
                0x0000000000085e62       0x35 /Users/iyongbin/Repository/linebot/ArduinoOutput/../../../../../private/var/folders/dv/dr6sg3sn6h16c2xkmjp_82bh0000gn/T/arduino/cores/arduino_sam_arduino_due_x_dbg_9c115d449f9823a058219a2ab3ee947d/core.a(USBCore.cpp.o)
 .rodata.STRING_MANUFACTURER
                0x0000000000085e97        0xc /Users/iyongbin/Repository/linebot/ArduinoOutput/../../../../../private/var/folders/dv/dr6sg3sn6h16c2xkmjp_82bh0000gn/T/arduino/cores/arduino_sam_arduino_due_x_dbg_9c115d449f9823a058219a2ab3ee947d/core.a(USBCore.cpp.o)
                0x0000000000085e97                STRING_MANUFACTURER
 .rodata.USB_DeviceDescriptorA
                0x0000000000085ea3       0x12 /Users/iyongbin/Repository/linebot/ArduinoOutput/../../../../../private/var/folders/dv/dr6sg3sn6h16c2xkmjp_82bh0000gn/T/arduino/cores/arduino_sam_arduino_due_x_dbg_9c115d449f9823a058219a2ab3ee947d/core.a(USBCore.cpp.o)
                0x0000000000085ea3                USB_DeviceDescriptorA
 .rodata._ZL19USB_DeviceQualifier
                0x0000000000085eb5        0x9 /Users/iyongbin/Repository/linebot/ArduinoOutput/../../../../../private/var/folders/dv/dr6sg3sn6h16c2xkmjp_82bh0000gn/T/arduino/cores/arduino_sam_arduino_due_x_dbg_9c115d449f9823a058219a2ab3ee947d/core.a(USBCore.cpp.o)
 *fill*         0x0000000000085ebe        0x2 
 .rodata._ZTV7Serial_
                0x0000000000085ec0       0x28 /Users/iyongbin/Repository/linebot/ArduinoOutput/../../../../../private/var/folders/dv/dr6sg3sn6h16c2xkmjp_82bh0000gn/T/arduino/cores/arduino_sam_arduino_due_x_dbg_9c115d449f9823a058219a2ab3ee947d/core.a(CDC.cpp.o)
                0x0000000000085ec0                vtable for Serial_
 .rodata._ZL18_cdcOtherInterface
                0x0000000000085ee8       0x42 /Users/iyongbin/Repository/linebot/ArduinoOutput/../../../../../private/var/folders/dv/dr6sg3sn6h16c2xkmjp_82bh0000gn/T/arduino/cores/arduino_sam_arduino_due_x_dbg_9c115d449f9823a058219a2ab3ee947d/core.a(CDC.cpp.o)
 .rodata._ZL13_cdcInterface
                0x0000000000085f2a       0x42 /Users/iyongbin/Repository/linebot/ArduinoOutput/../../../../../private/var/folders/dv/dr6sg3sn6h16c2xkmjp_82bh0000gn/T/arduino/cores/arduino_sam_arduino_due_x_dbg_9c115d449f9823a058219a2ab3ee947d/core.a(CDC.cpp.o)
 .rodata        0x0000000000085f6c       0x2c /Users/iyongbin/Library/Arduino15/packages/arduino/hardware/sam/1.6.12/variants/arduino_due_x/libsam_sam3x8e_gcc_rel.a(pwmc.o)
 .rodata.__func__.6830
                0x0000000000085f98       0x15 /Users/iyongbin/Library/Arduino15/packages/arduino/hardware/sam/1.6.12/variants/arduino_due_x/libsam_sam3x8e_gcc_rel.a(pwmc.o)
 .rodata.__func__.6841
                0x0000000000085fad       0x12 /Users/iyongbin/Library/Arduino15/packages/arduino/hardware/sam/1.6.12/variants/arduino_due_x/libsam_sam3x8e_gcc_rel.a(pwmc.o)
 .rodata.str1.1
                0x0000000000085fbf      0x1cc /Users/iyongbin/Library/Arduino15/packages/arduino/hardware/sam/1.6.12/variants/arduino_due_x/libsam_sam3x8e_gcc_rel.a(pwmc.o)
 .rodata.__func__.6804
                0x000000000008618b       0x16 /Users/iyongbin/Library/Arduino15/packages/arduino/hardware/sam/1.6.12/variants/arduino_due_x/libsam_sam3x8e_gcc_rel.a(pwmc.o)
 .rodata.__func__.6793
                0x00000000000861a1       0x17 /Users/iyongbin/Library/Arduino15/packages/arduino/hardware/sam/1.6.12/variants/arduino_due_x/libsam_sam3x8e_gcc_rel.a(pwmc.o)
 .rodata.__func__.6792
                0x00000000000861b8        0xd /Users/iyongbin/Library/Arduino15/packages/arduino/hardware/sam/1.6.12/variants/arduino_due_x/libsam_sam3x8e_gcc_rel.a(tc.o)
 .rodata.str1.1
                0x00000000000861c5       0x54 /Users/iyongbin/Library/Arduino15/packages/arduino/hardware/sam/1.6.12/variants/arduino_due_x/libsam_sam3x8e_gcc_rel.a(tc.o)
 .rodata.__func__.6798
                0x0000000000086219        0x9 /Users/iyongbin/Library/Arduino15/packages/arduino/hardware/sam/1.6.12/variants/arduino_due_x/libsam_sam3x8e_gcc_rel.a(tc.o)
 *fill*         0x0000000000086222        0x2 
 .rodata.str1.4
                0x0000000000086224       0x3f /Users/iyongbin/Library/Arduino15/packages/arduino/tools/arm-none-eabi-gcc/4.8.3-2014q1/bin/../lib/gcc/arm-none-eabi/4.8.3/../../../../arm-none-eabi/lib/armv7-m/libc.a(lib_a-assert.o)
                                         0x44 (size before relaxing)
 *fill*         0x0000000000086263        0x1 
 .rodata.str1.4
                0x0000000000086264        0x2 /Users/iyongbin/Library/Arduino15/packages/arduino/tools/arm-none-eabi-gcc/4.8.3-2014q1/bin/../lib/gcc/arm-none-eabi/4.8.3/../../../../arm-none-eabi/lib/armv7-m/libc.a(lib_a-impure.o)
                                          0x4 (size before relaxing)
 *fill*         0x0000000000086266        0x2 
 .rodata._global_impure_ptr
                0x0000000000086268        0x4 /Users/iyongbin/Library/Arduino15/packages/arduino/tools/arm-none-eabi-gcc/4.8.3-2014q1/bin/../lib/gcc/arm-none-eabi/4.8.3/../../../../arm-none-eabi/lib/armv7-m/libc.a(lib_a-impure.o)
                0x0000000000086268                _global_impure_ptr
 .rodata.blanks.6717
                0x000000000008626c       0x10 /Users/iyongbin/Library/Arduino15/packages/arduino/tools/arm-none-eabi-gcc/4.8.3-2014q1/bin/../lib/gcc/arm-none-eabi/4.8.3/../../../../arm-none-eabi/lib/armv7-m/libc.a(lib_a-vfiprintf.o)
 .rodata.str1.4
                0x000000000008627c       0x30 /Users/iyongbin/Library/Arduino15/packages/arduino/tools/arm-none-eabi-gcc/4.8.3-2014q1/bin/../lib/gcc/arm-none-eabi/4.8.3/../../../../arm-none-eabi/lib/armv7-m/libc.a(lib_a-vfiprintf.o)
 .rodata.zeroes.6718
                0x00000000000862ac       0x10 /Users/iyongbin/Library/Arduino15/packages/arduino/tools/arm-none-eabi-gcc/4.8.3-2014q1/bin/../lib/gcc/arm-none-eabi/4.8.3/../../../../arm-none-eabi/lib/armv7-m/libc.a(lib_a-vfiprintf.o)
 *(.ARM.extab* .gnu.linkonce.armextab.*)
                0x00000000000862bc                . = ALIGN (0x4)
 *(.init)
 .init          0x00000000000862bc        0x4 /Users/iyongbin/Library/Arduino15/packages/arduino/tools/arm-none-eabi-gcc/4.8.3-2014q1/bin/../lib/gcc/arm-none-eabi/4.8.3/armv7-m/crti.o
                0x00000000000862bc                _init
 .init          0x00000000000862c0        0x8 /Users/iyongbin/Library/Arduino15/packages/arduino/tools/arm-none-eabi-gcc/4.8.3-2014q1/bin/../lib/gcc/arm-none-eabi/4.8.3/armv7-m/crtn.o
                0x00000000000862c8                . = ALIGN (0x4)
                0x00000000000862c8                __preinit_array_start = .
 *(.preinit_array)
                0x00000000000862c8                __preinit_array_end = .
                0x00000000000862c8                . = ALIGN (0x4)
                0x00000000000862c8                __init_array_start = .
 *(SORT(.init_array.*))
 .init_array.00000
                0x00000000000862c8        0x4 /Users/iyongbin/Library/Arduino15/packages/arduino/tools/arm-none-eabi-gcc/4.8.3-2014q1/bin/../lib/gcc/arm-none-eabi/4.8.3/../../../../arm-none-eabi/lib/armv7-m/libc.a(lib_a-__call_atexit.o)
 *(.init_array)
 .init_array    0x00000000000862cc        0x4 /Users/iyongbin/Library/Arduino15/packages/arduino/tools/arm-none-eabi-gcc/4.8.3-2014q1/bin/../lib/gcc/arm-none-eabi/4.8.3/armv7-m/crtbegin.o
 .init_array    0x00000000000862d0        0x4 /Users/iyongbin/Repository/linebot/ArduinoOutput/core/variant.cpp.o
 .init_array    0x00000000000862d4        0x4 /Users/iyongbin/Repository/linebot/ArduinoOutput/../../../../../private/var/folders/dv/dr6sg3sn6h16c2xkmjp_82bh0000gn/T/arduino/cores/arduino_sam_arduino_due_x_dbg_9c115d449f9823a058219a2ab3ee947d/core.a(USBCore.cpp.o)
 .init_array    0x00000000000862d8        0x4 /Users/iyongbin/Repository/linebot/ArduinoOutput/../../../../../private/var/folders/dv/dr6sg3sn6h16c2xkmjp_82bh0000gn/T/arduino/cores/arduino_sam_arduino_due_x_dbg_9c115d449f9823a058219a2ab3ee947d/core.a(CDC.cpp.o)
                0x00000000000862dc                __init_array_end = .
                0x00000000000862dc                . = ALIGN (0x4)
 *crtbegin.o(.ctors)
 *(EXCLUDE_FILE(*crtend.o) .ctors)
 *(SORT(.ctors.*))
 *crtend.o(.ctors)
                0x00000000000862dc                . = ALIGN (0x4)
 *(.fini)
 .fini          0x00000000000862dc        0x4 /Users/iyongbin/Library/Arduino15/packages/arduino/tools/arm-none-eabi-gcc/4.8.3-2014q1/bin/../lib/gcc/arm-none-eabi/4.8.3/armv7-m/crti.o
                0x00000000000862dc                _fini
 .fini          0x00000000000862e0        0x8 /Users/iyongbin/Library/Arduino15/packages/arduino/tools/arm-none-eabi-gcc/4.8.3-2014q1/bin/../lib/gcc/arm-none-eabi/4.8.3/armv7-m/crtn.o
                0x00000000000862e8                . = ALIGN (0x4)
                0x00000000000862e8                __fini_array_start = .
 *(.fini_array)
 .fini_array    0x00000000000862e8        0x4 /Users/iyongbin/Library/Arduino15/packages/arduino/tools/arm-none-eabi-gcc/4.8.3-2014q1/bin/../lib/gcc/arm-none-eabi/4.8.3/armv7-m/crtbegin.o
 *(SORT(.fini_array.*))
                0x00000000000862ec                __fini_array_end = .
 *crtbegin.o(.dtors)
 *(EXCLUDE_FILE(*crtend.o) .dtors)
 *(SORT(.dtors.*))
 *crtend.o(.dtors)
                0x00000000000862ec                . = ALIGN (0x4)
                0x00000000000862ec                _efixed = .
                0x00000000000862ec                PROVIDE (__exidx_start, .)

.vfp11_veneer   0x00000000000862ec        0x0
 .vfp11_veneer  0x0000000000000000        0x0 linker stubs

.v4_bx          0x00000000000862ec        0x0
 .v4_bx         0x0000000000000000        0x0 linker stubs

.iplt           0x00000000000862ec        0x0
 .iplt          0x0000000000000000        0x0 /Users/iyongbin/Library/Arduino15/packages/arduino/tools/arm-none-eabi-gcc/4.8.3-2014q1/bin/../lib/gcc/arm-none-eabi/4.8.3/armv7-m/crtbegin.o

.ARM.exidx      0x00000000000862ec        0x8
 *(.ARM.exidx* .gnu.linkonce.armexidx.*)
 .ARM.exidx     0x00000000000862ec        0x8 /Users/iyongbin/Library/Arduino15/packages/arduino/tools/arm-none-eabi-gcc/4.8.3-2014q1/bin/../lib/gcc/arm-none-eabi/4.8.3/armv7-m/libgcc.a(_divdi3.o)
 .ARM.exidx     0x00000000000862f4        0x0 /Users/iyongbin/Library/Arduino15/packages/arduino/tools/arm-none-eabi-gcc/4.8.3-2014q1/bin/../lib/gcc/arm-none-eabi/4.8.3/armv7-m/libgcc.a(_udivdi3.o)
                                          0x8 (size before relaxing)
                0x00000000000862f4                PROVIDE (__exidx_end, .)

.eh_frame       0x00000000000862f4        0x0
 .eh_frame      0x00000000000862f4        0x0 /Users/iyongbin/Library/Arduino15/packages/arduino/tools/arm-none-eabi-gcc/4.8.3-2014q1/bin/../lib/gcc/arm-none-eabi/4.8.3/armv7-m/crtbegin.o

.rel.dyn        0x00000000000862f4        0x0
 .rel.iplt      0x0000000000000000        0x0 /Users/iyongbin/Library/Arduino15/packages/arduino/tools/arm-none-eabi-gcc/4.8.3-2014q1/bin/../lib/gcc/arm-none-eabi/4.8.3/armv7-m/crtbegin.o

.jcr            0x00000000000862f4        0x0
 .jcr           0x00000000000862f4        0x0 /Users/iyongbin/Library/Arduino15/packages/arduino/tools/arm-none-eabi-gcc/4.8.3-2014q1/bin/../lib/gcc/arm-none-eabi/4.8.3/armv7-m/crtbegin.o

.igot.plt       0x00000000000862f4        0x0
 .igot.plt      0x0000000000000000        0x0 /Users/iyongbin/Library/Arduino15/packages/arduino/tools/arm-none-eabi-gcc/4.8.3-2014q1/bin/../lib/gcc/arm-none-eabi/4.8.3/armv7-m/crtbegin.o
                0x00000000000862f4                . = ALIGN (0x4)
                0x00000000000862f4                _etext = .

.relocate       0x0000000020070000      0x8ec load address 0x00000000000862f4
                0x0000000020070000                . = ALIGN (0x4)
                0x0000000020070000                _srelocate = .
 *(.ramfunc .ramfunc.*)
 .ramfunc       0x0000000020070000       0x2c /Users/iyongbin/Repository/linebot/ArduinoOutput/../../../../../private/var/folders/dv/dr6sg3sn6h16c2xkmjp_82bh0000gn/T/arduino/cores/arduino_sam_arduino_due_x_dbg_9c115d449f9823a058219a2ab3ee947d/core.a(Reset.cpp.o)
                0x0000000020070000                banzai
 *(.data .data.*)
 .data.in1      0x000000002007002c        0x4 /Users/iyongbin/Repository/linebot/ArduinoOutput/sketch/motor.ino.cpp.o
                0x000000002007002c                in1
 .data.in2      0x0000000020070030        0x4 /Users/iyongbin/Repository/linebot/ArduinoOutput/sketch/motor.ino.cpp.o
                0x0000000020070030                in2
 .data.in3      0x0000000020070034        0x4 /Users/iyongbin/Repository/linebot/ArduinoOutput/sketch/motor.ino.cpp.o
                0x0000000020070034                in3
 .data.in4      0x0000000020070038        0x4 /Users/iyongbin/Repository/linebot/ArduinoOutput/sketch/motor.ino.cpp.o
                0x0000000020070038                in4
 .data.enA      0x000000002007003c        0x4 /Users/iyongbin/Repository/linebot/ArduinoOutput/sketch/motor.ino.cpp.o
                0x000000002007003c                enA
 .data.enB      0x0000000020070040        0x4 /Users/iyongbin/Repository/linebot/ArduinoOutput/sketch/motor.ino.cpp.o
                0x0000000020070040                enB
 .data.SystemCoreClock
                0x0000000020070044        0x4 /Users/iyongbin/Library/Arduino15/packages/arduino/hardware/sam/1.6.12/variants/arduino_due_x/libsam_sam3x8e_gcc_rel.a(system_sam3xa.o)
                0x0000000020070044                SystemCoreClock
 .data._writeResolution
                0x0000000020070048        0x4 /Users/iyongbin/Repository/linebot/ArduinoOutput/../../../../../private/var/folders/dv/dr6sg3sn6h16c2xkmjp_82bh0000gn/T/arduino/cores/arduino_sam_arduino_due_x_dbg_9c115d449f9823a058219a2ab3ee947d/core.a(wiring_analog.c.o)
 .data._ZL5ticks
                0x000000002007004c        0x4 /Users/iyongbin/Repository/linebot/ArduinoOutput/../../../../../private/var/folders/dv/dr6sg3sn6h16c2xkmjp_82bh0000gn/T/arduino/cores/arduino_sam_arduino_due_x_dbg_9c115d449f9823a058219a2ab3ee947d/core.a(Reset.cpp.o)
 .data.EndPoints
                0x0000000020070050       0x28 /Users/iyongbin/Repository/linebot/ArduinoOutput/../../../../../private/var/folders/dv/dr6sg3sn6h16c2xkmjp_82bh0000gn/T/arduino/cores/arduino_sam_arduino_due_x_dbg_9c115d449f9823a058219a2ab3ee947d/core.a(USBCore.cpp.o)
                0x0000000020070050                EndPoints
 .data._ZL10breakValue
                0x0000000020070078        0x4 /Users/iyongbin/Repository/linebot/ArduinoOutput/../../../../../private/var/folders/dv/dr6sg3sn6h16c2xkmjp_82bh0000gn/T/arduino/cores/arduino_sam_arduino_due_x_dbg_9c115d449f9823a058219a2ab3ee947d/core.a(CDC.cpp.o)
 .data._ZL12_usbLineInfo
                0x000000002007007c        0x8 /Users/iyongbin/Repository/linebot/ArduinoOutput/../../../../../private/var/folders/dv/dr6sg3sn6h16c2xkmjp_82bh0000gn/T/arduino/cores/arduino_sam_arduino_due_x_dbg_9c115d449f9823a058219a2ab3ee947d/core.a(CDC.cpp.o)
 .data.g_interrupt_enabled
                0x0000000020070084        0x4 /Users/iyongbin/Library/Arduino15/packages/arduino/hardware/sam/1.6.12/variants/arduino_due_x/libsam_sam3x8e_gcc_rel.a(interrupt_sam_nvic.o)
                0x0000000020070084                g_interrupt_enabled
 .data.impure_data
                0x0000000020070088      0x428 /Users/iyongbin/Library/Arduino15/packages/arduino/tools/arm-none-eabi-gcc/4.8.3-2014q1/bin/../lib/gcc/arm-none-eabi/4.8.3/../../../../arm-none-eabi/lib/armv7-m/libc.a(lib_a-impure.o)
 .data._impure_ptr
                0x00000000200704b0        0x4 /Users/iyongbin/Library/Arduino15/packages/arduino/tools/arm-none-eabi-gcc/4.8.3-2014q1/bin/../lib/gcc/arm-none-eabi/4.8.3/../../../../arm-none-eabi/lib/armv7-m/libc.a(lib_a-impure.o)